Archive member included to satisfy reference by file (symbol)

/usr/lib/gcc/arm-none-eabi/9.2.0/thumb/v7-m/nofp/libgcc.a(unwind-arm.o)
                              CMakeFiles/blue_pill_car.elf.dir/Src/SX1278.cpp.obj (__aeabi_unwind_cpp_pr1)
/usr/lib/gcc/arm-none-eabi/9.2.0/thumb/v7-m/nofp/libgcc.a(libunwind.o)
                              /usr/lib/gcc/arm-none-eabi/9.2.0/thumb/v7-m/nofp/libgcc.a(unwind-arm.o) (restore_core_regs)
/usr/lib/gcc/arm-none-eabi/9.2.0/thumb/v7-m/nofp/libgcc.a(pr-support.o)
                              /usr/lib/gcc/arm-none-eabi/9.2.0/thumb/v7-m/nofp/libgcc.a(unwind-arm.o) (__gnu_unwind_execute)
/usr/lib/gcc/arm-none-eabi/9.2.0/../../../../arm-none-eabi/lib/thumb/v7-m/nofp/libg_nano.a(lib_a-abort.o)
                              /usr/lib/gcc/arm-none-eabi/9.2.0/thumb/v7-m/nofp/libgcc.a(unwind-arm.o) (abort)
/usr/lib/gcc/arm-none-eabi/9.2.0/../../../../arm-none-eabi/lib/thumb/v7-m/nofp/libg_nano.a(lib_a-atexit.o)
                              /usr/lib/gcc/arm-none-eabi/9.2.0/../../../../arm-none-eabi/lib/thumb/v7-m/nofp/crt0.o (atexit)
/usr/lib/gcc/arm-none-eabi/9.2.0/../../../../arm-none-eabi/lib/thumb/v7-m/nofp/libg_nano.a(lib_a-errno.o)
                              CMakeFiles/blue_pill_car.elf.dir/Src/syscalls.c.obj (__errno)
/usr/lib/gcc/arm-none-eabi/9.2.0/../../../../arm-none-eabi/lib/thumb/v7-m/nofp/libg_nano.a(lib_a-exit.o)
                              /usr/lib/gcc/arm-none-eabi/9.2.0/../../../../arm-none-eabi/lib/thumb/v7-m/nofp/crt0.o (exit)
/usr/lib/gcc/arm-none-eabi/9.2.0/../../../../arm-none-eabi/lib/thumb/v7-m/nofp/libg_nano.a(lib_a-fini.o)
                              /usr/lib/gcc/arm-none-eabi/9.2.0/../../../../arm-none-eabi/lib/thumb/v7-m/nofp/crt0.o (__libc_fini_array)
/usr/lib/gcc/arm-none-eabi/9.2.0/../../../../arm-none-eabi/lib/thumb/v7-m/nofp/libg_nano.a(lib_a-impure.o)
                              /usr/lib/gcc/arm-none-eabi/9.2.0/../../../../arm-none-eabi/lib/thumb/v7-m/nofp/libg_nano.a(lib_a-exit.o) (_global_impure_ptr)
/usr/lib/gcc/arm-none-eabi/9.2.0/../../../../arm-none-eabi/lib/thumb/v7-m/nofp/libg_nano.a(lib_a-init.o)
                              /usr/lib/gcc/arm-none-eabi/9.2.0/../../../../arm-none-eabi/lib/thumb/v7-m/nofp/crt0.o (__libc_init_array)
/usr/lib/gcc/arm-none-eabi/9.2.0/../../../../arm-none-eabi/lib/thumb/v7-m/nofp/libg_nano.a(lib_a-memcpy-stub.o)
                              CMakeFiles/blue_pill_car.elf.dir/Src/SX1278.cpp.obj (memcpy)
/usr/lib/gcc/arm-none-eabi/9.2.0/../../../../arm-none-eabi/lib/thumb/v7-m/nofp/libg_nano.a(lib_a-memset.o)
                              /usr/lib/gcc/arm-none-eabi/9.2.0/../../../../arm-none-eabi/lib/thumb/v7-m/nofp/crt0.o (memset)
/usr/lib/gcc/arm-none-eabi/9.2.0/../../../../arm-none-eabi/lib/thumb/v7-m/nofp/libg_nano.a(lib_a-nano-vfprintf_float.o)
                              (_printf_float)
/usr/lib/gcc/arm-none-eabi/9.2.0/../../../../arm-none-eabi/lib/thumb/v7-m/nofp/libg_nano.a(lib_a-nano-vfprintf_i.o)
                              /usr/lib/gcc/arm-none-eabi/9.2.0/../../../../arm-none-eabi/lib/thumb/v7-m/nofp/libg_nano.a(lib_a-nano-vfprintf_float.o) (_printf_common)
/usr/lib/gcc/arm-none-eabi/9.2.0/../../../../arm-none-eabi/lib/thumb/v7-m/nofp/libg_nano.a(lib_a-signal.o)
                              /usr/lib/gcc/arm-none-eabi/9.2.0/../../../../arm-none-eabi/lib/thumb/v7-m/nofp/libg_nano.a(lib_a-abort.o) (raise)
/usr/lib/gcc/arm-none-eabi/9.2.0/../../../../arm-none-eabi/lib/thumb/v7-m/nofp/libg_nano.a(lib_a-signalr.o)
                              /usr/lib/gcc/arm-none-eabi/9.2.0/../../../../arm-none-eabi/lib/thumb/v7-m/nofp/libg_nano.a(lib_a-signal.o) (_kill_r)
/usr/lib/gcc/arm-none-eabi/9.2.0/../../../../arm-none-eabi/lib/thumb/v7-m/nofp/libg_nano.a(lib_a-snprintf.o)
                              CMakeFiles/blue_pill_car.elf.dir/Src/main.c.obj (snprintf)
/usr/lib/gcc/arm-none-eabi/9.2.0/../../../../arm-none-eabi/lib/thumb/v7-m/nofp/libg_nano.a(lib_a-strlen.o)
                              CMakeFiles/blue_pill_car.elf.dir/Src/main.c.obj (strlen)
/usr/lib/gcc/arm-none-eabi/9.2.0/../../../../arm-none-eabi/lib/thumb/v7-m/nofp/libg_nano.a(lib_a-__atexit.o)
                              /usr/lib/gcc/arm-none-eabi/9.2.0/../../../../arm-none-eabi/lib/thumb/v7-m/nofp/libg_nano.a(lib_a-atexit.o) (__register_exitproc)
/usr/lib/gcc/arm-none-eabi/9.2.0/../../../../arm-none-eabi/lib/thumb/v7-m/nofp/libg_nano.a(lib_a-__call_atexit.o)
                              /usr/lib/gcc/arm-none-eabi/9.2.0/../../../../arm-none-eabi/lib/thumb/v7-m/nofp/libg_nano.a(lib_a-__atexit.o) (__call_exitprocs)
/usr/lib/gcc/arm-none-eabi/9.2.0/../../../../arm-none-eabi/lib/thumb/v7-m/nofp/libg_nano.a(lib_a-dtoa.o)
                              /usr/lib/gcc/arm-none-eabi/9.2.0/../../../../arm-none-eabi/lib/thumb/v7-m/nofp/libg_nano.a(lib_a-nano-vfprintf_float.o) (_dtoa_r)
/usr/lib/gcc/arm-none-eabi/9.2.0/../../../../arm-none-eabi/lib/thumb/v7-m/nofp/libg_nano.a(lib_a-localeconv.o)
[...]
Memory Configuration

Name             Origin             Length             Attributes
RAM              0x0000000020000000 0x0000000000005000 xrw
FLASH            0x0000000008000000 0x0000000000010000 xr
*default*        0x0000000000000000 0xffffffffffffffff

Linker script and memory map

LOAD /usr/lib/gcc/arm-none-eabi/9.2.0/thumb/v7-m/nofp/crti.o
LOAD /usr/lib/gcc/arm-none-eabi/9.2.0/thumb/v7-m/nofp/crtbegin.o
LOAD /usr/lib/gcc/arm-none-eabi/9.2.0/../../../../arm-none-eabi/lib/thumb/v7-m/nofp/crt0.o
LOAD CMakeFiles/blue_pill_car.elf.dir/Drivers/STM32F1xx_HAL_Driver/Src/stm32f1xx_hal.c.obj
LOAD CMakeFiles/blue_pill_car.elf.dir/Drivers/STM32F1xx_HAL_Driver/Src/stm32f1xx_hal_adc.c.obj
LOAD CMakeFiles/blue_pill_car.elf.dir/Drivers/STM32F1xx_HAL_Driver/Src/stm32f1xx_hal_adc_ex.c.obj
LOAD CMakeFiles/blue_pill_car.elf.dir/Drivers/STM32F1xx_HAL_Driver/Src/stm32f1xx_hal_cortex.c.obj
LOAD CMakeFiles/blue_pill_car.elf.dir/Drivers/STM32F1xx_HAL_Driver/Src/stm32f1xx_hal_dma.c.obj
LOAD CMakeFiles/blue_pill_car.elf.dir/Drivers/STM32F1xx_HAL_Driver/Src/stm32f1xx_hal_exti.c.obj
LOAD CMakeFiles/blue_pill_car.elf.dir/Drivers/STM32F1xx_HAL_Driver/Src/stm32f1xx_hal_flash.c.obj
LOAD CMakeFiles/blue_pill_car.elf.dir/Drivers/STM32F1xx_HAL_Driver/Src/stm32f1xx_hal_flash_ex.c.obj
LOAD CMakeFiles/blue_pill_car.elf.dir/Drivers/STM32F1xx_HAL_Driver/Src/stm32f1xx_hal_gpio.c.obj
LOAD CMakeFiles/blue_pill_car.elf.dir/Drivers/STM32F1xx_HAL_Driver/Src/stm32f1xx_hal_gpio_ex.c.obj
LOAD CMakeFiles/blue_pill_car.elf.dir/Drivers/STM32F1xx_HAL_Driver/Src/stm32f1xx_hal_pwr.c.obj
LOAD CMakeFiles/blue_pill_car.elf.dir/Drivers/STM32F1xx_HAL_Driver/Src/stm32f1xx_hal_rcc.c.obj
LOAD CMakeFiles/blue_pill_car.elf.dir/Drivers/STM32F1xx_HAL_Driver/Src/stm32f1xx_hal_rcc_ex.c.obj
LOAD CMakeFiles/blue_pill_car.elf.dir/Drivers/STM32F1xx_HAL_Driver/Src/stm32f1xx_hal_spi.c.obj
LOAD CMakeFiles/blue_pill_car.elf.dir/Drivers/STM32F1xx_HAL_Driver/Src/stm32f1xx_hal_tim.c.obj
LOAD CMakeFiles/blue_pill_car.elf.dir/Drivers/STM32F1xx_HAL_Driver/Src/stm32f1xx_hal_tim_ex.c.obj
LOAD CMakeFiles/blue_pill_car.elf.dir/Drivers/STM32F1xx_HAL_Driver/Src/stm32f1xx_hal_uart.c.obj
LOAD CMakeFiles/blue_pill_car.elf.dir/Src/SX1278.cpp.obj
LOAD CMakeFiles/blue_pill_car.elf.dir/Src/main.c.obj
LOAD CMakeFiles/blue_pill_car.elf.dir/Src/stm32f1xx_hal_msp.c.obj
LOAD CMakeFiles/blue_pill_car.elf.dir/Src/stm32f1xx_it.c.obj
LOAD CMakeFiles/blue_pill_car.elf.dir/Src/syscalls.c.obj
LOAD CMakeFiles/blue_pill_car.elf.dir/Src/system_stm32f1xx.c.obj
LOAD CMakeFiles/blue_pill_car.elf.dir/startup/startup_stm32f103xb.s.obj
LOAD /usr/lib/gcc/arm-none-eabi/9.2.0/../../../../arm-none-eabi/lib/thumb/v7-m/nofp/libstdc++_nano.a
LOAD /usr/lib/gcc/arm-none-eabi/9.2.0/../../../../arm-none-eabi/lib/thumb/v7-m/nofp/libm.a
START GROUP
LOAD /usr/lib/gcc/arm-none-eabi/9.2.0/thumb/v7-m/nofp/libgcc.a
LOAD /usr/lib/gcc/arm-none-eabi/9.2.0/../../../../arm-none-eabi/lib/thumb/v7-m/nofp/libg_nano.a
LOAD /usr/lib/gcc/arm-none-eabi/9.2.0/../../../../arm-none-eabi/lib/thumb/v7-m/nofp/libc_nano.a
END GROUP
START GROUP
LOAD /usr/lib/gcc/arm-none-eabi/9.2.0/thumb/v7-m/nofp/libgcc.a
LOAD /usr/lib/gcc/arm-none-eabi/9.2.0/../../../../arm-none-eabi/lib/thumb/v7-m/nofp/libc_nano.a
LOAD /usr/lib/gcc/arm-none-eabi/9.2.0/../../../../arm-none-eabi/lib/thumb/v7-m/nofp/libnosys.a
END GROUP
START GROUP
LOAD /usr/lib/gcc/arm-none-eabi/9.2.0/thumb/v7-m/nofp/libgcc.a
LOAD /usr/lib/gcc/arm-none-eabi/9.2.0/../../../../arm-none-eabi/lib/thumb/v7-m/nofp/libc_nano.a
LOAD /usr/lib/gcc/arm-none-eabi/9.2.0/../../../../arm-none-eabi/lib/thumb/v7-m/nofp/libnosys.a
END GROUP
LOAD /usr/lib/gcc/arm-none-eabi/9.2.0/thumb/v7-m/nofp/crtend.o
LOAD /usr/lib/gcc/arm-none-eabi/9.2.0/thumb/v7-m/nofp/crtn.o
                0x0000000020005000                _estack = 0x20005000
                0x0000000000000200                _Min_Heap_Size = 0x200
                0x0000000000000400                _Min_Stack_Size = 0x400

.isr_vector     0x0000000008000000      0x10c
                0x0000000008000000                . = ALIGN (0x4)
 *(.isr_vector)
 .isr_vector    0x0000000008000000      0x10c CMakeFiles/blue_pill_car.elf.dir/startup/startup_stm32f103xb.s.obj
                0x0000000008000000                g_pfnVectors
                0x000000000800010c                . = ALIGN (0x4)

.text           0x0000000008000110     0x609c
                0x0000000008000110                . = ALIGN (0x4)
 *(.text)
 .text          0x0000000008000110       0x10 /usr/lib/gcc/arm-none-eabi/9.2.0/../../../../arm-none-eabi/lib/thumb/v7-m/nofp/libg_nano.a(lib_a-strlen.o)
                0x0000000008000110                strlen
 .text          0x0000000008000120      0x378 /usr/lib/gcc/arm-none-eabi/9.2.0/thumb/v7-m/nofp/libgcc.a(_arm_addsubdf3.o)
                0x0000000008000120                __aeabi_drsub
                0x0000000008000128                __aeabi_dsub
                0x0000000008000128                __subdf3
                0x000000000800012c                __adddf3
                0x000000000800012c                __aeabi_dadd
                0x00000000080003a4                __aeabi_ui2d
                0x00000000080003a4                __floatunsidf
                0x00000000080003c4                __floatsidf
                0x00000000080003c4                __aeabi_i2d
                0x00000000080003e8                __extendsfdf2
                0x00000000080003e8                __aeabi_f2d
                0x000000000800042c                __aeabi_ul2d
                0x000000000800042c                __floatundidf
                0x000000000800043c                __floatdidf
                0x000000000800043c                __aeabi_l2d
 .text          0x0000000008000498      0x424 /usr/lib/gcc/arm-none-eabi/9.2.0/thumb/v7-m/nofp/libgcc.a(_arm_muldivdf3.o)
                0x0000000008000498                __aeabi_dmul
                0x0000000008000498                __muldf3
                0x00000000080006ec                __aeabi_ddiv
                0x00000000080006ec                __divdf3
 .text          0x00000000080008bc      0x110 /usr/lib/gcc/arm-none-eabi/9.2.0/thumb/v7-m/nofp/libgcc.a(_arm_cmpdf2.o)
                0x00000000080008bc                __gtdf2
                0x00000000080008bc                __gedf2
                0x00000000080008c4                __ltdf2
                0x00000000080008c4                __ledf2
                0x00000000080008cc                __cmpdf2
                0x00000000080008cc                __eqdf2
                0x00000000080008cc                __nedf2
                0x0000000008000948                __aeabi_cdrcmple
                0x0000000008000958                __aeabi_cdcmple
                0x0000000008000958                __aeabi_cdcmpeq
                0x0000000008000968                __aeabi_dcmpeq
                0x000000000800097c                __aeabi_dcmplt
                0x0000000008000990                __aeabi_dcmple
                0x00000000080009a4                __aeabi_dcmpge
                0x00000000080009b8                __aeabi_dcmpgt
 .text          0x00000000080009cc       0x2c /usr/lib/gcc/arm-none-eabi/9.2.0/thumb/v7-m/nofp/libgcc.a(_arm_unorddf2.o)
                0x00000000080009cc                __aeabi_dcmpun
                0x00000000080009cc                __unorddf2
 .text          0x00000000080009f8       0x50 /usr/lib/gcc/arm-none-eabi/9.2.0/thumb/v7-m/nofp/libgcc.a(_arm_fixdfsi.o)
                0x00000000080009f8                __fixdfsi
                0x00000000080009f8                __aeabi_d2iz
 *(.text*)
 .text.__do_global_dtors_aux
                0x0000000008000a48       0x24 /usr/lib/gcc/arm-none-eabi/9.2.0/thumb/v7-m/nofp/crtbegin.o
 .text.frame_dummy
                0x0000000008000a6c       0x1c /usr/lib/gcc/arm-none-eabi/9.2.0/thumb/v7-m/nofp/crtbegin.o
 .text.HAL_Init
                0x0000000008000a88       0x2c CMakeFiles/blue_pill_car.elf.dir/Drivers/STM32F1xx_HAL_Driver/Src/stm32f1xx_hal.c.obj
                0x0000000008000a88                HAL_Init
 .text.HAL_InitTick
                0x0000000008000ab4       0x60 CMakeFiles/blue_pill_car.elf.dir/Drivers/STM32F1xx_HAL_Driver/Src/stm32f1xx_hal.c.obj
                0x0000000008000ab4                HAL_InitTick
 .text.HAL_IncTick
                0x0000000008000b14       0x24 CMakeFiles/blue_pill_car.elf.dir/Drivers/STM32F1xx_HAL_Driver/Src/stm32f1xx_hal.c.obj
                0x0000000008000b14                HAL_IncTick
 .text.HAL_GetTick
                0x0000000008000b38       0x14 CMakeFiles/blue_pill_car.elf.dir/Drivers/STM32F1xx_HAL_Driver/Src/stm32f1xx_hal.c.obj
                0x0000000008000b38                HAL_GetTick
 .text.HAL_Delay
                0x0000000008000b4c       0x48 CMakeFiles/blue_pill_car.elf.dir/Drivers/STM32F1xx_HAL_Driver/Src/stm32f1xx_hal.c.obj
                0x0000000008000b4c                HAL_Delay
 .text.HAL_ADC_Init
                0x0000000008000b94      0x1b0 CMakeFiles/blue_pill_car.elf.dir/Drivers/STM32F1xx_HAL_Driver/Src/stm32f1xx_hal_adc.c.obj
                0x0000000008000b94                HAL_ADC_Init
 .text.HAL_ADC_ConfigChannel
                0x0000000008000d44      0x1f0 CMakeFiles/blue_pill_car.elf.dir/Drivers/STM32F1xx_HAL_Driver/Src/stm32f1xx_hal_adc.c.obj
                0x0000000008000d44                HAL_ADC_ConfigChannel
 .text.ADC_ConversionStop_Disable
                0x0000000008000f34       0x74 CMakeFiles/blue_pill_car.elf.dir/Drivers/STM32F1xx_HAL_Driver/Src/stm32f1xx_hal_adc.c.obj
                0x0000000008000f34                ADC_ConversionStop_Disable
 .text.__NVIC_SetPriorityGrouping
                0x0000000008000fa8       0x48 CMakeFiles/blue_pill_car.elf.dir/Drivers/STM32F1xx_HAL_Driver/Src/stm32f1xx_hal_cortex.c.obj
 .text.__NVIC_GetPriorityGrouping
                0x0000000008000ff0       0x1c CMakeFiles/blue_pill_car.elf.dir/Drivers/STM32F1xx_HAL_Driver/Src/stm32f1xx_hal_cortex.c.obj
 .text.__NVIC_EnableIRQ
                0x000000000800100c       0x38 CMakeFiles/blue_pill_car.elf.dir/Drivers/STM32F1xx_HAL_Driver/Src/stm32f1xx_hal_cortex.c.obj
 .text.__NVIC_SetPriority
                0x0000000008001044       0x54 CMakeFiles/blue_pill_car.elf.dir/Drivers/STM32F1xx_HAL_Driver/Src/stm32f1xx_hal_cortex.c.obj
 .text.NVIC_EncodePriority
                0x0000000008001098       0x64 CMakeFiles/blue_pill_car.elf.dir/Drivers/STM32F1xx_HAL_Driver/Src/stm32f1xx_hal_cortex.c.obj
 .text.SysTick_Config
                0x00000000080010fc       0x44 CMakeFiles/blue_pill_car.elf.dir/Drivers/STM32F1xx_HAL_Driver/Src/stm32f1xx_hal_cortex.c.obj
 .text.HAL_NVIC_SetPriorityGrouping
                0x0000000008001140       0x16 CMakeFiles/blue_pill_car.elf.dir/Drivers/STM32F1xx_HAL_Driver/Src/stm32f1xx_hal_cortex.c.obj
                0x0000000008001140                HAL_NVIC_SetPriorityGrouping
 .text.HAL_NVIC_SetPriority
                0x0000000008001156       0x38 CMakeFiles/blue_pill_car.elf.dir/Drivers/STM32F1xx_HAL_Driver/Src/stm32f1xx_hal_cortex.c.obj
                0x0000000008001156                HAL_NVIC_SetPriority
 .text.HAL_NVIC_EnableIRQ
                0x000000000800118e       0x1c CMakeFiles/blue_pill_car.elf.dir/Drivers/STM32F1xx_HAL_Driver/Src/stm32f1xx_hal_cortex.c.obj
                0x000000000800118e                HAL_NVIC_EnableIRQ
 .text.HAL_SYSTICK_Config
                0x00000000080011aa       0x18 CMakeFiles/blue_pill_car.elf.dir/Drivers/STM32F1xx_HAL_Driver/Src/stm32f1xx_hal_cortex.c.obj
                0x00000000080011aa                HAL_SYSTICK_Config
 *fill*         0x00000000080011c2        0x2 
 .text.HAL_GPIO_Init
                0x00000000080011c4      0x308 CMakeFiles/blue_pill_car.elf.dir/Drivers/STM32F1xx_HAL_Driver/Src/stm32f1xx_hal_gpio.c.obj
                0x00000000080011c4                HAL_GPIO_Init
 .text.HAL_GPIO_ReadPin
                0x00000000080014cc       0x2e CMakeFiles/blue_pill_car.elf.dir/Drivers/STM32F1xx_HAL_Driver/Src/stm32f1xx_hal_gpio.c.obj
                0x00000000080014cc                HAL_GPIO_ReadPin
 .text.HAL_GPIO_WritePin
                0x00000000080014fa       0x30 CMakeFiles/blue_pill_car.elf.dir/Drivers/STM32F1xx_HAL_Driver/Src/stm32f1xx_hal_gpio.c.obj
                0x00000000080014fa                HAL_GPIO_WritePin
 *fill*         0x000000000800152a        0x2 
 .text.HAL_GPIO_EXTI_IRQHandler
                0x000000000800152c       0x30 CMakeFiles/blue_pill_car.elf.dir/Drivers/STM32F1xx_HAL_Driver/Src/stm32f1xx_hal_gpio.c.obj
                0x000000000800152c                HAL_GPIO_EXTI_IRQHandler
 .text.HAL_RCC_OscConfig
                0x000000000800155c      0x500 CMakeFiles/blue_pill_car.elf.dir/Drivers/STM32F1xx_HAL_Driver/Src/stm32f1xx_hal_rcc.c.obj
                0x000000000800155c                HAL_RCC_OscConfig
 .text.HAL_RCC_ClockConfig
                0x0000000008001a5c      0x1d4 CMakeFiles/blue_pill_car.elf.dir/Drivers/STM32F1xx_HAL_Driver/Src/stm32f1xx_hal_rcc.c.obj
                0x0000000008001a5c                HAL_RCC_ClockConfig
 .text.HAL_RCC_GetSysClockFreq
                0x0000000008001c30       0xc0 CMakeFiles/blue_pill_car.elf.dir/Drivers/STM32F1xx_HAL_Driver/Src/stm32f1xx_hal_rcc.c.obj
                0x0000000008001c30                HAL_RCC_GetSysClockFreq
 .text.HAL_RCC_GetHCLKFreq
                0x0000000008001cf0       0x14 CMakeFiles/blue_pill_car.elf.dir/Drivers/STM32F1xx_HAL_Driver/Src/stm32f1xx_hal_rcc.c.obj
                0x0000000008001cf0                HAL_RCC_GetHCLKFreq
 .text.HAL_RCC_GetPCLK1Freq
                0x0000000008001d04       0x28 CMakeFiles/blue_pill_car.elf.dir/Drivers/STM32F1xx_HAL_Driver/Src/stm32f1xx_hal_rcc.c.obj
                0x0000000008001d04                HAL_RCC_GetPCLK1Freq
 .text.HAL_RCC_GetPCLK2Freq
                0x0000000008001d2c       0x28 CMakeFiles/blue_pill_car.elf.dir/Drivers/STM32F1xx_HAL_Driver/Src/stm32f1xx_hal_rcc.c.obj
                0x0000000008001d2c                HAL_RCC_GetPCLK2Freq
 .text.RCC_Delay
                0x0000000008001d54       0x3c CMakeFiles/blue_pill_car.elf.dir/Drivers/STM32F1xx_HAL_Driver/Src/stm32f1xx_hal_rcc.c.obj
 .text.HAL_RCCEx_PeriphCLKConfig
                0x0000000008001d90      0x16c CMakeFiles/blue_pill_car.elf.dir/Drivers/STM32F1xx_HAL_Driver/Src/stm32f1xx_hal_rcc_ex.c.obj
                0x0000000008001d90                HAL_RCCEx_PeriphCLKConfig
 .text.HAL_SPI_Init
                0x0000000008001efc       0xc2 CMakeFiles/blue_pill_car.elf.dir/Drivers/STM32F1xx_HAL_Driver/Src/stm32f1xx_hal_spi.c.obj
                0x0000000008001efc                HAL_SPI_Init
 .text.HAL_SPI_Receive
                0x0000000008001fbe      0x212 CMakeFiles/blue_pill_car.elf.dir/Drivers/STM32F1xx_HAL_Driver/Src/stm32f1xx_hal_spi.c.obj
                0x0000000008001fbe                HAL_SPI_Receive
 .text.HAL_SPI_TransmitReceive
                0x00000000080021d0      0x344 CMakeFiles/blue_pill_car.elf.dir/Drivers/STM32F1xx_HAL_Driver/Src/stm32f1xx_hal_spi.c.obj
                0x00000000080021d0                HAL_SPI_TransmitReceive
 .text.SPI_WaitFlagStateUntilTimeout
                0x0000000008002514       0xd4 CMakeFiles/blue_pill_car.elf.dir/Drivers/STM32F1xx_HAL_Driver/Src/stm32f1xx_hal_spi.c.obj
 .text.SPI_EndRxTransaction
                0x00000000080025e8       0xa4 CMakeFiles/blue_pill_car.elf.dir/Drivers/STM32F1xx_HAL_Driver/Src/stm32f1xx_hal_spi.c.obj
 .text.SPI_EndRxTxTransaction
                0x000000000800268c       0x3c CMakeFiles/blue_pill_car.elf.dir/Drivers/STM32F1xx_HAL_Driver/Src/stm32f1xx_hal_spi.c.obj
 .text.HAL_TIM_Base_Init
                0x00000000080026c8       0x56 CMakeFiles/blue_pill_car.elf.dir/Drivers/STM32F1xx_HAL_Driver/Src/stm32f1xx_hal_tim.c.obj
                0x00000000080026c8                HAL_TIM_Base_Init
 .text.HAL_TIM_Base_Start_IT
                0x000000000800271e       0x46 CMakeFiles/blue_pill_car.elf.dir/Drivers/STM32F1xx_HAL_Driver/Src/stm32f1xx_hal_tim.c.obj
                0x000000000800271e                HAL_TIM_Base_Start_IT
 .text.HAL_TIM_IRQHandler
                0x0000000008002764      0x210 CMakeFiles/blue_pill_car.elf.dir/Drivers/STM32F1xx_HAL_Driver/Src/stm32f1xx_hal_tim.c.obj
                0x0000000008002764                HAL_TIM_IRQHandler
 .text.HAL_TIM_ConfigClockSource
                0x0000000008002974      0x188 CMakeFiles/blue_pill_car.elf.dir/Drivers/STM32F1xx_HAL_Driver/Src/stm32f1xx_hal_tim.c.obj
                0x0000000008002974                HAL_TIM_ConfigClockSource
 .text.HAL_TIM_OC_DelayElapsedCallback
                0x0000000008002afc       0x12 CMakeFiles/blue_pill_car.elf.dir/Drivers/STM32F1xx_HAL_Driver/Src/stm32f1xx_hal_tim.c.obj
                0x0000000008002afc                HAL_TIM_OC_DelayElapsedCallback
 .text.HAL_TIM_IC_CaptureCallback
                0x0000000008002b0e       0x12 CMakeFiles/blue_pill_car.elf.dir/Drivers/STM32F1xx_HAL_Driver/Src/stm32f1xx_hal_tim.c.obj
                0x0000000008002b0e                HAL_TIM_IC_CaptureCallback
 .text.HAL_TIM_PWM_PulseFinishedCallback
                0x0000000008002b20       0x12 CMakeFiles/blue_pill_car.elf.dir/Drivers/STM32F1xx_HAL_Driver/Src/stm32f1xx_hal_tim.c.obj
                0x0000000008002b20                HAL_TIM_PWM_PulseFinishedCallback
 .text.HAL_TIM_TriggerCallback
                0x0000000008002b32       0x12 CMakeFiles/blue_pill_car.elf.dir/Drivers/STM32F1xx_HAL_Driver/Src/stm32f1xx_hal_tim.c.obj
                0x0000000008002b32                HAL_TIM_TriggerCallback
 .text.TIM_Base_SetConfig
                0x0000000008002b44       0xc4 CMakeFiles/blue_pill_car.elf.dir/Drivers/STM32F1xx_HAL_Driver/Src/stm32f1xx_hal_tim.c.obj
                0x0000000008002b44                TIM_Base_SetConfig
 .text.TIM_TI1_ConfigInputStage
                0x0000000008002c08       0x5c CMakeFiles/blue_pill_car.elf.dir/Drivers/STM32F1xx_HAL_Driver/Src/stm32f1xx_hal_tim.c.obj
 .text.TIM_TI2_ConfigInputStage
                0x0000000008002c64       0x5e CMakeFiles/blue_pill_car.elf.dir/Drivers/STM32F1xx_HAL_Driver/Src/stm32f1xx_hal_tim.c.obj
 .text.TIM_ITRx_SetConfig
                0x0000000008002cc2       0x34 CMakeFiles/blue_pill_car.elf.dir/Drivers/STM32F1xx_HAL_Driver/Src/stm32f1xx_hal_tim.c.obj
 .text.TIM_ETR_SetConfig
                0x0000000008002cf6       0x3e CMakeFiles/blue_pill_car.elf.dir/Drivers/STM32F1xx_HAL_Driver/Src/stm32f1xx_hal_tim.c.obj
                0x0000000008002cf6                TIM_ETR_SetConfig
 .text.HAL_TIMEx_MasterConfigSynchronization
                0x0000000008002d34       0x88 CMakeFiles/blue_pill_car.elf.dir/Drivers/STM32F1xx_HAL_Driver/Src/stm32f1xx_hal_tim_ex.c.obj
                0x0000000008002d34                HAL_TIMEx_MasterConfigSynchronization
 .text.HAL_TIMEx_CommutCallback
                0x0000000008002dbc       0x12 CMakeFiles/blue_pill_car.elf.dir/Drivers/STM32F1xx_HAL_Driver/Src/stm32f1xx_hal_tim_ex.c.obj
                0x0000000008002dbc                HAL_TIMEx_CommutCallback
 .text.HAL_TIMEx_BreakCallback
                0x0000000008002dce       0x12 CMakeFiles/blue_pill_car.elf.dir/Drivers/STM32F1xx_HAL_Driver/Src/stm32f1xx_hal_tim_ex.c.obj
                0x0000000008002dce                HAL_TIMEx_BreakCallback
 .text.HAL_UART_Init
                0x0000000008002de0       0x9a CMakeFiles/blue_pill_car.elf.dir/Drivers/STM32F1xx_HAL_Driver/Src/stm32f1xx_hal_uart.c.obj
                0x0000000008002de0                HAL_UART_Init
 .text.HAL_MultiProcessor_Init
                0x0000000008002e7a       0xe0 CMakeFiles/blue_pill_car.elf.dir/Drivers/STM32F1xx_HAL_Driver/Src/stm32f1xx_hal_uart.c.obj
                0x0000000008002e7a                HAL_MultiProcessor_Init
 .text.HAL_UART_Transmit
                0x0000000008002f5a      0x132 CMakeFiles/blue_pill_car.elf.dir/Drivers/STM32F1xx_HAL_Driver/Src/stm32f1xx_hal_uart.c.obj
                0x0000000008002f5a                HAL_UART_Transmit
 .text.UART_WaitOnFlagUntilTimeout
                0x000000000800308c       0x94 CMakeFiles/blue_pill_car.elf.dir/Drivers/STM32F1xx_HAL_Driver/Src/stm32f1xx_hal_uart.c.obj
 .text.UART_SetConfig
                0x0000000008003120      0x1b4 CMakeFiles/blue_pill_car.elf.dir/Drivers/STM32F1xx_HAL_Driver/Src/stm32f1xx_hal_uart.c.obj
 .text.read_head_temperature
                0x00000000080032d4       0x5c CMakeFiles/blue_pill_car.elf.dir/Src/main.c.obj
                0x00000000080032d4                read_head_temperature
 .text.HAL_GPIO_EXTI_Callback
                0x0000000008003330       0xf0 CMakeFiles/blue_pill_car.elf.dir/Src/main.c.obj
                0x0000000008003330                HAL_GPIO_EXTI_Callback
 .text.HAL_TIM_PeriodElapsedCallback
                0x0000000008003420       0x30 CMakeFiles/blue_pill_car.elf.dir/Src/main.c.obj
                0x0000000008003420                HAL_TIM_PeriodElapsedCallback
 .text.main     0x0000000008003450      0x12c CMakeFiles/blue_pill_car.elf.dir/Src/main.c.obj
                0x0000000008003450                main
 .text.SystemClock_Config
                0x000000000800357c       0xb6 CMakeFiles/blue_pill_car.elf.dir/Src/main.c.obj
                0x000000000800357c                SystemClock_Config
 *fill*         0x0000000008003632        0x2 
 .text.MX_ADC1_Init
                0x0000000008003634       0x7c CMakeFiles/blue_pill_car.elf.dir/Src/main.c.obj
 .text.MX_SPI1_Init
                0x00000000080036b0       0x6c CMakeFiles/blue_pill_car.elf.dir/Src/main.c.obj
 .text.MX_TIM1_Init
                0x000000000800371c       0xa8 CMakeFiles/blue_pill_car.elf.dir/Src/main.c.obj
 .text.MX_USART1_UART_Init
                0x00000000080037c4       0x54 CMakeFiles/blue_pill_car.elf.dir/Src/main.c.obj
 .text.MX_USART2_UART_Init
                0x0000000008003818       0x54 CMakeFiles/blue_pill_car.elf.dir/Src/main.c.obj
 .text.MX_USART3_UART_Init
                0x000000000800386c       0x58 CMakeFiles/blue_pill_car.elf.dir/Src/main.c.obj
 .text.MX_GPIO_Init
                0x00000000080038c4      0x1a8 CMakeFiles/blue_pill_car.elf.dir/Src/main.c.obj
 .text.Error_Handler
                0x0000000008003a6c        0xc CMakeFiles/blue_pill_car.elf.dir/Src/main.c.obj
                0x0000000008003a6c                Error_Handler
 .text.HAL_MspInit
                0x0000000008003a78       0x64 CMakeFiles/blue_pill_car.elf.dir/Src/stm32f1xx_hal_msp.c.obj
                0x0000000008003a78                HAL_MspInit
 .text.HAL_ADC_MspInit
                0x0000000008003adc       0xa8 CMakeFiles/blue_pill_car.elf.dir/Src/stm32f1xx_hal_msp.c.obj
                0x0000000008003adc                HAL_ADC_MspInit
 .text.HAL_SPI_MspInit
                0x0000000008003b84       0x94 CMakeFiles/blue_pill_car.elf.dir/Src/stm32f1xx_hal_msp.c.obj
                0x0000000008003b84                HAL_SPI_MspInit
 .text.HAL_TIM_Base_MspInit
                0x0000000008003c18       0x4c CMakeFiles/blue_pill_car.elf.dir/Src/stm32f1xx_hal_msp.c.obj
                0x0000000008003c18                HAL_TIM_Base_MspInit
 .text.HAL_UART_MspInit
                0x0000000008003c64      0x180 CMakeFiles/blue_pill_car.elf.dir/Src/stm32f1xx_hal_msp.c.obj
                0x0000000008003c64                HAL_UART_MspInit
 .text.NMI_Handler
                0x0000000008003de4        0xc CMakeFiles/blue_pill_car.elf.dir/Src/stm32f1xx_it.c.obj
                0x0000000008003de4                NMI_Handler
 .text.HardFault_Handler
                0x0000000008003df0        0x6 CMakeFiles/blue_pill_car.elf.dir/Src/stm32f1xx_it.c.obj
                0x0000000008003df0                HardFault_Handler
 .text.MemManage_Handler
                0x0000000008003df6        0x6 CMakeFiles/blue_pill_car.elf.dir/Src/stm32f1xx_it.c.obj
                0x0000000008003df6                MemManage_Handler
 .text.BusFault_Handler
                0x0000000008003dfc        0x6 CMakeFiles/blue_pill_car.elf.dir/Src/stm32f1xx_it.c.obj
                0x0000000008003dfc                BusFault_Handler
 .text.UsageFault_Handler
                0x0000000008003e02        0x6 CMakeFiles/blue_pill_car.elf.dir/Src/stm32f1xx_it.c.obj
                0x0000000008003e02                UsageFault_Handler
 .text.SVC_Handler
                0x0000000008003e08        0xc CMakeFiles/blue_pill_car.elf.dir/Src/stm32f1xx_it.c.obj
                0x0000000008003e08                SVC_Handler
 .text.DebugMon_Handler
                0x0000000008003e14        0xc CMakeFiles/blue_pill_car.elf.dir/Src/stm32f1xx_it.c.obj
                0x0000000008003e14                DebugMon_Handler
 .text.PendSV_Handler
                0x0000000008003e20        0xc CMakeFiles/blue_pill_car.elf.dir/Src/stm32f1xx_it.c.obj
                0x0000000008003e20                PendSV_Handler
 .text.SysTick_Handler
                0x0000000008003e2c        0xc CMakeFiles/blue_pill_car.elf.dir/Src/stm32f1xx_it.c.obj
                0x0000000008003e2c                SysTick_Handler
 .text.EXTI9_5_IRQHandler
                0x0000000008003e38       0x2a CMakeFiles/blue_pill_car.elf.dir/Src/stm32f1xx_it.c.obj
                0x0000000008003e38                EXTI9_5_IRQHandler
 *fill*         0x0000000008003e62        0x2 
 .text.TIM1_UP_IRQHandler
                0x0000000008003e64       0x14 CMakeFiles/blue_pill_car.elf.dir/Src/stm32f1xx_it.c.obj
                0x0000000008003e64                TIM1_UP_IRQHandler
 .text.EXTI15_10_IRQHandler
                0x0000000008003e78       0x28 CMakeFiles/blue_pill_car.elf.dir/Src/stm32f1xx_it.c.obj
                0x0000000008003e78                EXTI15_10_IRQHandler
 .text._sbrk    0x0000000008003ea0       0x58 CMakeFiles/blue_pill_car.elf.dir/Src/syscalls.c.obj
                0x0000000008003ea0                _sbrk
 .text.SystemInit
                0x0000000008003ef8       0x68 CMakeFiles/blue_pill_car.elf.dir/Src/system_stm32f1xx.c.obj
                0x0000000008003ef8                SystemInit
 .text.Reset_Handler
                0x0000000008003f60       0x48 CMakeFiles/blue_pill_car.elf.dir/startup/startup_stm32f103xb.s.obj
                0x0000000008003f60                Reset_Handler
 .text.Default_Handler
                0x0000000008003fa8        0x2 CMakeFiles/blue_pill_car.elf.dir/startup/startup_stm32f103xb.s.obj
                0x0000000008003fa8                RTC_Alarm_IRQHandler
                0x0000000008003fa8                EXTI2_IRQHandler
                0x0000000008003fa8                TIM1_CC_IRQHandler
                0x0000000008003fa8                PVD_IRQHandler
                0x0000000008003fa8                EXTI3_IRQHandler
                0x0000000008003fa8                EXTI0_IRQHandler
                0x0000000008003fa8                I2C2_EV_IRQHandler
                0x0000000008003fa8                ADC1_2_IRQHandler
                0x0000000008003fa8                SPI1_IRQHandler
                0x0000000008003fa8                TAMPER_IRQHandler
                0x0000000008003fa8                DMA1_Channel4_IRQHandler
                0x0000000008003fa8                USART3_IRQHandler
                0x0000000008003fa8                RTC_IRQHandler
                0x0000000008003fa8                DMA1_Channel7_IRQHandler
                0x0000000008003fa8                CAN1_RX1_IRQHandler
                0x0000000008003fa8                TIM4_IRQHandler
                0x0000000008003fa8                I2C1_EV_IRQHandler
                0x0000000008003fa8                DMA1_Channel6_IRQHandler
                0x0000000008003fa8                TIM3_IRQHandler
                0x0000000008003fa8                RCC_IRQHandler
                0x0000000008003fa8                TIM1_TRG_COM_IRQHandler
                0x0000000008003fa8                DMA1_Channel1_IRQHandler
                0x0000000008003fa8                Default_Handler
                0x0000000008003fa8                SPI2_IRQHandler
                0x0000000008003fa8                DMA1_Channel5_IRQHandler
                0x0000000008003fa8                EXTI4_IRQHandler
                0x0000000008003fa8                USB_LP_CAN1_RX0_IRQHandler
                0x0000000008003fa8                USB_HP_CAN1_TX_IRQHandler
                0x0000000008003fa8                DMA1_Channel3_IRQHandler
                0x0000000008003fa8                WWDG_IRQHandler
                0x0000000008003fa8                TIM2_IRQHandler
                0x0000000008003fa8                TIM1_BRK_IRQHandler
                0x0000000008003fa8                EXTI1_IRQHandler
                0x0000000008003fa8                USART2_IRQHandler
                0x0000000008003fa8                I2C2_ER_IRQHandler
                0x0000000008003fa8                DMA1_Channel2_IRQHandler
                0x0000000008003fa8                CAN1_SCE_IRQHandler
                0x0000000008003fa8                FLASH_IRQHandler
                0x0000000008003fa8                USART1_IRQHandler
                0x0000000008003fa8                I2C1_ER_IRQHandler
                0x0000000008003fa8                USBWakeUp_IRQHandler
 *fill*         0x0000000008003faa        0x2 
 .text.__errno  0x0000000008003fac        0xc /usr/lib/gcc/arm-none-eabi/9.2.0/../../../../arm-none-eabi/lib/thumb/v7-m/nofp/libg_nano.a(lib_a-errno.o)
                0x0000000008003fac                __errno
 .text.__libc_init_array
                0x0000000008003fb8       0x48 /usr/lib/gcc/arm-none-eabi/9.2.0/../../../../arm-none-eabi/lib/thumb/v7-m/nofp/libg_nano.a(lib_a-init.o)
                0x0000000008003fb8                __libc_init_array
 .text.memcpy   0x0000000008004000       0x1c /usr/lib/gcc/arm-none-eabi/9.2.0/../../../../arm-none-eabi/lib/thumb/v7-m/nofp/libg_nano.a(lib_a-memcpy-stub.o)
                0x0000000008004000                memcpy
 .text.memset   0x000000000800401c       0x10 /usr/lib/gcc/arm-none-eabi/9.2.0/../../../../arm-none-eabi/lib/thumb/v7-m/nofp/libg_nano.a(lib_a-memset.o)
                0x000000000800401c                memset
 .text.__cvt    0x000000000800402c       0xbe /usr/lib/gcc/arm-none-eabi/9.2.0/../../../../arm-none-eabi/lib/thumb/v7-m/nofp/libg_nano.a(lib_a-nano-vfprintf_float.o)
                0x000000000800402c                __cvt
 .text.__exponent
                0x00000000080040ea       0x7c /usr/lib/gcc/arm-none-eabi/9.2.0/../../../../arm-none-eabi/lib/thumb/v7-m/nofp/libg_nano.a(lib_a-nano-vfprintf_float.o)
                0x00000000080040ea                __exponent
 *fill*         0x0000000008004166        0x2 
 .text._printf_float
                0x0000000008004168      0x458 /usr/lib/gcc/arm-none-eabi/9.2.0/../../../../arm-none-eabi/lib/thumb/v7-m/nofp/libg_nano.a(lib_a-nano-vfprintf_float.o)
                0x0000000008004168                _printf_float
 .text._printf_common
                0x00000000080045c0       0xde /usr/lib/gcc/arm-none-eabi/9.2.0/../../../../arm-none-eabi/lib/thumb/v7-m/nofp/libg_nano.a(lib_a-nano-vfprintf_i.o)
                0x00000000080045c0                _printf_common
 *fill*         0x000000000800469e        0x2 
 .text._printf_i
                0x00000000080046a0      0x24c /usr/lib/gcc/arm-none-eabi/9.2.0/../../../../arm-none-eabi/lib/thumb/v7-m/nofp/libg_nano.a(lib_a-nano-vfprintf_i.o)
                0x00000000080046a0                _printf_i
 .text.snprintf
                0x00000000080048ec       0x68 /usr/lib/gcc/arm-none-eabi/9.2.0/../../../../arm-none-eabi/lib/thumb/v7-m/nofp/libg_nano.a(lib_a-snprintf.o)
                0x00000000080048ec                snprintf
                0x00000000080048ec                sniprintf
 .text.quorem   0x0000000008004954      0x11a /usr/lib/gcc/arm-none-eabi/9.2.0/../../../../arm-none-eabi/lib/thumb/v7-m/nofp/libg_nano.a(lib_a-dtoa.o)
 *fill*         0x0000000008004a6e        0x2 
 .text._dtoa_r  0x0000000008004a70      0xba4 /usr/lib/gcc/arm-none-eabi/9.2.0/../../../../arm-none-eabi/lib/thumb/v7-m/nofp/libg_nano.a(lib_a-dtoa.o)
                0x0000000008004a70                _dtoa_r
 .text._localeconv_r
                0x0000000008005614        0x8 /usr/lib/gcc/arm-none-eabi/9.2.0/../../../../arm-none-eabi/lib/thumb/v7-m/nofp/libg_nano.a(lib_a-localeconv.o)
                0x0000000008005614                _localeconv_r
 .text.__retarget_lock_acquire_recursive
                0x000000000800561c        0x2 /usr/lib/gcc/arm-none-eabi/9.2.0/../../../../arm-none-eabi/lib/thumb/v7-m/nofp/libg_nano.a(lib_a-lock.o)
                0x000000000800561c                __retarget_lock_acquire_recursive
 .text.__retarget_lock_release_recursive
                0x000000000800561e        0x2 /usr/lib/gcc/arm-none-eabi/9.2.0/../../../../arm-none-eabi/lib/thumb/v7-m/nofp/libg_nano.a(lib_a-lock.o)
                0x000000000800561e                __retarget_lock_release_recursive
 .text.malloc   0x0000000008005620       0x10 /usr/lib/gcc/arm-none-eabi/9.2.0/../../../../arm-none-eabi/lib/thumb/v7-m/nofp/libg_nano.a(lib_a-malloc.o)
                0x0000000008005620                malloc
 .text.__ascii_mbtowc
                0x0000000008005630       0x24 /usr/lib/gcc/arm-none-eabi/9.2.0/../../../../arm-none-eabi/lib/thumb/v7-m/nofp/libg_nano.a(lib_a-mbtowc_r.o)
                0x0000000008005630                __ascii_mbtowc
 .text.memchr   0x0000000008005654       0x1c /usr/lib/gcc/arm-none-eabi/9.2.0/../../../../arm-none-eabi/lib/thumb/v7-m/nofp/libg_nano.a(lib_a-memchr-stub.o)
                0x0000000008005654                memchr
 .text._Balloc  0x0000000008005670       0x68 /usr/lib/gcc/arm-none-eabi/9.2.0/../../../../arm-none-eabi/lib/thumb/v7-m/nofp/libg_nano.a(lib_a-mprec.o)
                0x0000000008005670                _Balloc
 .text._Bfree   0x00000000080056d8       0x2e /usr/lib/gcc/arm-none-eabi/9.2.0/../../../../arm-none-eabi/lib/thumb/v7-m/nofp/libg_nano.a(lib_a-mprec.o)
                0x00000000080056d8                _Bfree
 .text.__multadd
                0x0000000008005706       0x7c /usr/lib/gcc/arm-none-eabi/9.2.0/../../../../arm-none-eabi/lib/thumb/v7-m/nofp/libg_nano.a(lib_a-mprec.o)
                0x0000000008005706                __multadd
 .text.__hi0bits
                0x0000000008005782       0x40 /usr/lib/gcc/arm-none-eabi/9.2.0/../../../../arm-none-eabi/lib/thumb/v7-m/nofp/libg_nano.a(lib_a-mprec.o)
                0x0000000008005782                __hi0bits
 .text.__lo0bits
                0x00000000080057c2       0x5c /usr/lib/gcc/arm-none-eabi/9.2.0/../../../../arm-none-eabi/lib/thumb/v7-m/nofp/libg_nano.a(lib_a-mprec.o)
                0x00000000080057c2                __lo0bits
 .text.__i2b    0x000000000800581e       0x12 /usr/lib/gcc/arm-none-eabi/9.2.0/../../../../arm-none-eabi/lib/thumb/v7-m/nofp/libg_nano.a(lib_a-mprec.o)
                0x000000000800581e                __i2b
 .text.__multiply
                0x0000000008005830      0x136 /usr/lib/gcc/arm-none-eabi/9.2.0/../../../../arm-none-eabi/lib/thumb/v7-m/nofp/libg_nano.a(lib_a-mprec.o)
                0x0000000008005830                __multiply
 *fill*         0x0000000008005966        0x2 
 .text.__pow5mult
                0x0000000008005968       0x9c /usr/lib/gcc/arm-none-eabi/9.2.0/../../../../arm-none-eabi/lib/thumb/v7-m/nofp/libg_nano.a(lib_a-mprec.o)
                0x0000000008005968                __pow5mult
 .text.__lshift
                0x0000000008005a04       0xbe /usr/lib/gcc/arm-none-eabi/9.2.0/../../../../arm-none-eabi/lib/thumb/v7-m/nofp/libg_nano.a(lib_a-mprec.o)
                0x0000000008005a04                __lshift
 .text.__mcmp   0x0000000008005ac2       0x36 /usr/lib/gcc/arm-none-eabi/9.2.0/../../../../arm-none-eabi/lib/thumb/v7-m/nofp/libg_nano.a(lib_a-mprec.o)
                0x0000000008005ac2                __mcmp
 .text.__mdiff  0x0000000008005af8       0xf8 /usr/lib/gcc/arm-none-eabi/9.2.0/../../../../arm-none-eabi/lib/thumb/v7-m/nofp/libg_nano.a(lib_a-mprec.o)
                0x0000000008005af8                __mdiff
 .text.__d2b    0x0000000008005bf0       0x9e /usr/lib/gcc/arm-none-eabi/9.2.0/../../../../arm-none-eabi/lib/thumb/v7-m/nofp/libg_nano.a(lib_a-mprec.o)
                0x0000000008005bf0                __d2b
 .text._calloc_r
                0x0000000008005c8e       0x1c /usr/lib/gcc/arm-none-eabi/9.2.0/../../../../arm-none-eabi/lib/thumb/v7-m/nofp/libg_nano.a(lib_a-nano-callocr.o)
                0x0000000008005c8e                _calloc_r
 *fill*         0x0000000008005caa        0x2 
 .text._free_r  0x0000000008005cac       0x98 /usr/lib/gcc/arm-none-eabi/9.2.0/../../../../arm-none-eabi/lib/thumb/v7-m/nofp/libg_nano.a(lib_a-nano-freer.o)
                0x0000000008005cac                _free_r
 .text._malloc_r
                0x0000000008005d44       0xb4 /usr/lib/gcc/arm-none-eabi/9.2.0/../../../../arm-none-eabi/lib/thumb/v7-m/nofp/libg_nano.a(lib_a-nano-mallocr.o)
                0x0000000008005d44                _malloc_r
 .text.__ssputs_r
                0x0000000008005df8       0xb6 /usr/lib/gcc/arm-none-eabi/9.2.0/../../../../arm-none-eabi/lib/thumb/v7-m/nofp/libg_nano.a(lib_a-nano-svfprintf.o)
                0x0000000008005df8                __ssputs_r
 *fill*         0x0000000008005eae        0x2 
 .text._svfprintf_r
                0x0000000008005eb0      0x200 /usr/lib/gcc/arm-none-eabi/9.2.0/../../../../arm-none-eabi/lib/thumb/v7-m/nofp/libg_nano.a(lib_a-nano-svfprintf.o)
                0x0000000008005eb0                _svfprintf_r
                0x0000000008005eb0                _svfiprintf_r
 .text._sbrk_r  0x00000000080060b0       0x20 /usr/lib/gcc/arm-none-eabi/9.2.0/../../../../arm-none-eabi/lib/thumb/v7-m/nofp/libg_nano.a(lib_a-sbrkr.o)
                0x00000000080060b0                _sbrk_r
 .text.__ascii_wctomb
                0x00000000080060d0       0x1a /usr/lib/gcc/arm-none-eabi/9.2.0/../../../../arm-none-eabi/lib/thumb/v7-m/nofp/libg_nano.a(lib_a-wctomb_r.o)
                0x00000000080060d0                __ascii_wctomb
 .text.memmove  0x00000000080060ea       0x34 /usr/lib/gcc/arm-none-eabi/9.2.0/../../../../arm-none-eabi/lib/thumb/v7-m/nofp/libg_nano.a(lib_a-memmove.o)
                0x00000000080060ea                memmove
 *fill*         0x000000000800611e        0x2 
 .text.__malloc_lock
                0x0000000008006120        0xc /usr/lib/gcc/arm-none-eabi/9.2.0/../../../../arm-none-eabi/lib/thumb/v7-m/nofp/libg_nano.a(lib_a-mlock.o)
                0x0000000008006120                __malloc_lock
 .text.__malloc_unlock
                0x000000000800612c        0xc /usr/lib/gcc/arm-none-eabi/9.2.0/../../../../arm-none-eabi/lib/thumb/v7-m/nofp/libg_nano.a(lib_a-mlock.o)
                0x000000000800612c                __malloc_unlock
 .text._realloc_r
                0x0000000008006138       0x4c /usr/lib/gcc/arm-none-eabi/9.2.0/../../../../arm-none-eabi/lib/thumb/v7-m/nofp/libg_nano.a(lib_a-nano-reallocr.o)
                0x0000000008006138                _realloc_r
 .text._malloc_usable_size_r
                0x0000000008006184       0x10 /usr/lib/gcc/arm-none-eabi/9.2.0/../../../../arm-none-eabi/lib/thumb/v7-m/nofp/libg_nano.a(lib_a-nano-msizer.o)
                0x0000000008006184                _malloc_usable_size_r
 *(.glue_7)
 .glue_7        0x0000000008006194        0x0 linker stubs
 *(.glue_7t)
 .glue_7t       0x0000000008006194        0x0 linker stubs
 *(.eh_frame)
 .eh_frame      0x0000000008006194        0x0 /usr/lib/gcc/arm-none-eabi/9.2.0/thumb/v7-m/nofp/crtbegin.o
 *(.init)
 .init          0x0000000008006194        0x4 /usr/lib/gcc/arm-none-eabi/9.2.0/thumb/v7-m/nofp/crti.o
                0x0000000008006194                _init
 .init          0x0000000008006198        0x8 /usr/lib/gcc/arm-none-eabi/9.2.0/thumb/v7-m/nofp/crtn.o
 *(.fini)
 .fini          0x00000000080061a0        0x4 /usr/lib/gcc/arm-none-eabi/9.2.0/thumb/v7-m/nofp/crti.o
                0x00000000080061a0                _fini
 .fini          0x00000000080061a4        0x8 /usr/lib/gcc/arm-none-eabi/9.2.0/thumb/v7-m/nofp/crtn.o
                0x00000000080061ac                . = ALIGN (0x4)
                0x00000000080061ac                _etext = .

.vfp11_veneer   0x00000000080061ac        0x0
 .vfp11_veneer  0x00000000080061ac        0x0 linker stubs

.v4_bx          0x00000000080061ac        0x0
 .v4_bx         0x00000000080061ac        0x0 linker stubs

.iplt           0x00000000080061ac        0x0
 .iplt          0x00000000080061ac        0x0 /usr/lib/gcc/arm-none-eabi/9.2.0/thumb/v7-m/nofp/crtbegin.o

.rodata         0x00000000080061b0      0x318
                0x00000000080061b0                . = ALIGN (0x4)
 *(.rodata)
 .rodata        0x00000000080061b0       0x10 CMakeFiles/blue_pill_car.elf.dir/Drivers/STM32F1xx_HAL_Driver/Src/stm32f1xx_hal_rcc.c.obj
 .rodata        0x00000000080061c0       0x94 CMakeFiles/blue_pill_car.elf.dir/Src/main.c.obj
 *(.rodata*)
 .rodata.AHBPrescTable
                0x0000000008006254       0x10 CMakeFiles/blue_pill_car.elf.dir/Src/system_stm32f1xx.c.obj
                0x0000000008006254                AHBPrescTable
 .rodata.APBPrescTable
                0x0000000008006264        0x8 CMakeFiles/blue_pill_car.elf.dir/Src/system_stm32f1xx.c.obj
                0x0000000008006264                APBPrescTable
 .rodata._printf_float.str1.1
                0x000000000800626c       0x12 /usr/lib/gcc/arm-none-eabi/9.2.0/../../../../arm-none-eabi/lib/thumb/v7-m/nofp/libg_nano.a(lib_a-nano-vfprintf_float.o)
 .rodata._printf_i.str1.1
                0x000000000800627e       0x22 /usr/lib/gcc/arm-none-eabi/9.2.0/../../../../arm-none-eabi/lib/thumb/v7-m/nofp/libg_nano.a(lib_a-nano-vfprintf_i.o)
 .rodata._dtoa_r.str1.1
                0x00000000080062a0        0xd /usr/lib/gcc/arm-none-eabi/9.2.0/../../../../arm-none-eabi/lib/thumb/v7-m/nofp/libg_nano.a(lib_a-dtoa.o)
                                          0xf (size before relaxing)
 .rodata._setlocale_r.str1.1
                0x00000000080062ad        0x8 /usr/lib/gcc/arm-none-eabi/9.2.0/../../../../arm-none-eabi/lib/thumb/v7-m/nofp/libg_nano.a(lib_a-locale.o)
                                          0x9 (size before relaxing)
 .rodata.str1.1
                0x00000000080062b5        0x2 /usr/lib/gcc/arm-none-eabi/9.2.0/../../../../arm-none-eabi/lib/thumb/v7-m/nofp/libg_nano.a(lib_a-locale.o)
 *fill*         0x00000000080062b7        0x1 
 .rodata.__mprec_bigtens
                0x00000000080062b8       0x28 /usr/lib/gcc/arm-none-eabi/9.2.0/../../../../arm-none-eabi/lib/thumb/v7-m/nofp/libg_nano.a(lib_a-mprec.o)
                0x00000000080062b8                __mprec_bigtens
 .rodata.__mprec_tens
                0x00000000080062e0       0xc8 /usr/lib/gcc/arm-none-eabi/9.2.0/../../../../arm-none-eabi/lib/thumb/v7-m/nofp/libg_nano.a(lib_a-mprec.o)
                0x00000000080062e0                __mprec_tens
 .rodata.p05.6127
                0x00000000080063a8        0xc /usr/lib/gcc/arm-none-eabi/9.2.0/../../../../arm-none-eabi/lib/thumb/v7-m/nofp/libg_nano.a(lib_a-mprec.o)
 .rodata._svfprintf_r.str1.1
                0x00000000080063b4       0x11 /usr/lib/gcc/arm-none-eabi/9.2.0/../../../../arm-none-eabi/lib/thumb/v7-m/nofp/libg_nano.a(lib_a-nano-svfprintf.o)
 .rodata._ctype_
                0x00000000080063c5      0x101 /usr/lib/gcc/arm-none-eabi/9.2.0/../../../../arm-none-eabi/lib/thumb/v7-m/nofp/libg_nano.a(lib_a-ctype_.o)
                0x00000000080063c5                _ctype_
                0x00000000080064c8                . = ALIGN (0x4)
 *fill*         0x00000000080064c6        0x2 

.rel.dyn        0x00000000080064c8        0x0
 .rel.iplt      0x00000000080064c8        0x0 /usr/lib/gcc/arm-none-eabi/9.2.0/thumb/v7-m/nofp/crtbegin.o

.ARM.extab
 *(.ARM.extab* .gnu.linkonce.armextab.*)

.ARM            0x00000000080064c8        0x0
                0x00000000080064c8                __exidx_start = .
 *(.ARM.exidx*)
                0x00000000080064c8                __exidx_end = .

.preinit_array  0x00000000080064c8        0x0
                0x00000000080064c8                PROVIDE (__preinit_array_start = .)
 *(.preinit_array*)
                0x00000000080064c8                PROVIDE (__preinit_array_end = .)

.init_array     0x00000000080064c8        0x4
                0x00000000080064c8                PROVIDE (__init_array_start = .)
 *(SORT_BY_NAME(.init_array.*))
 *(.init_array*)
 .init_array    0x00000000080064c8        0x4 /usr/lib/gcc/arm-none-eabi/9.2.0/thumb/v7-m/nofp/crtbegin.o
                0x00000000080064cc                PROVIDE (__init_array_end = .)

.fini_array     0x00000000080064cc        0x4
                0x00000000080064cc                PROVIDE (__fini_array_start = .)
 *(SORT_BY_NAME(.fini_array.*))
 *(.fini_array*)
 .fini_array    0x00000000080064cc        0x4 /usr/lib/gcc/arm-none-eabi/9.2.0/thumb/v7-m/nofp/crtbegin.o
                0x00000000080064d0                PROVIDE (__fini_array_end = .)
                0x00000000080064d0                _sidata = LOADADDR (.data)

.data           0x0000000020000000      0x1ec load address 0x00000000080064d0
                0x0000000020000000                . = ALIGN (0x4)
                0x0000000020000000                _sdata = .
 *(.data)
 *(.data*)
 .data.uwTickPrio
                0x0000000020000000        0x4 CMakeFiles/blue_pill_car.elf.dir/Drivers/STM32F1xx_HAL_Driver/Src/stm32f1xx_hal.c.obj
                0x0000000020000000                uwTickPrio
 .data.uwTickFreq
                0x0000000020000004        0x1 CMakeFiles/blue_pill_car.elf.dir/Drivers/STM32F1xx_HAL_Driver/Src/stm32f1xx_hal.c.obj
                0x0000000020000004                uwTickFreq
 *fill*         0x0000000020000005        0x3 
 .data.brake_pressed_msg
                0x0000000020000008        0x4 CMakeFiles/blue_pill_car.elf.dir/Src/main.c.obj
                0x0000000020000008                brake_pressed_msg
 .data.brake_released_msg
                0x000000002000000c        0x4 CMakeFiles/blue_pill_car.elf.dir/Src/main.c.obj
                0x000000002000000c                brake_released_msg
 .data.full_throttle_msg
                0x0000000020000010        0x4 CMakeFiles/blue_pill_car.elf.dir/Src/main.c.obj
                0x0000000020000010                full_throttle_msg
 .data.not_full_throttle_msg
                0x0000000020000014        0x4 CMakeFiles/blue_pill_car.elf.dir/Src/main.c.obj
                0x0000000020000014                not_full_throttle_msg
 .data.SystemCoreClock
                0x0000000020000018        0x4 CMakeFiles/blue_pill_car.elf.dir/Src/system_stm32f1xx.c.obj
                0x0000000020000018                SystemCoreClock
 .data._impure_ptr
                0x000000002000001c        0x4 /usr/lib/gcc/arm-none-eabi/9.2.0/../../../../arm-none-eabi/lib/thumb/v7-m/nofp/libg_nano.a(lib_a-impure.o)
                0x000000002000001c                _impure_ptr
 .data.impure_data
                0x0000000020000020       0x60 /usr/lib/gcc/arm-none-eabi/9.2.0/../../../../arm-none-eabi/lib/thumb/v7-m/nofp/libg_nano.a(lib_a-impure.o)
 .data.__global_locale
                0x0000000020000080      0x16c /usr/lib/gcc/arm-none-eabi/9.2.0/../../../../arm-none-eabi/lib/thumb/v7-m/nofp/libg_nano.a(lib_a-locale.o)
                0x0000000020000080                __global_locale
                0x00000000200001ec                . = ALIGN (0x4)
                0x00000000200001ec                _edata = .

.igot.plt       0x00000000200001ec        0x0 load address 0x00000000080066bc
 .igot.plt      0x00000000200001ec        0x0 /usr/lib/gcc/arm-none-eabi/9.2.0/thumb/v7-m/nofp/crtbegin.o
                0x00000000200001ec                . = ALIGN (0x4)

.bss            0x00000000200001ec      0x1dc load address 0x00000000080066bc
                0x00000000200001ec                _sbss = .
                0x00000000200001ec                __bss_start__ = _sbss
 *(.bss)
 *(.bss*)
 .bss.completed.8891
                0x00000000200001ec        0x1 /usr/lib/gcc/arm-none-eabi/9.2.0/thumb/v7-m/nofp/crtbegin.o
 *fill*         0x00000000200001ed        0x3 
 .bss.object.8896
                0x00000000200001f0       0x18 /usr/lib/gcc/arm-none-eabi/9.2.0/thumb/v7-m/nofp/crtbegin.o
 .bss.uwTick    0x0000000020000208        0x4 CMakeFiles/blue_pill_car.elf.dir/Drivers/STM32F1xx_HAL_Driver/Src/stm32f1xx_hal.c.obj
                0x0000000020000208                uwTick
 .bss.hadc1     0x000000002000020c       0x30 CMakeFiles/blue_pill_car.elf.dir/Src/main.c.obj
                0x000000002000020c                hadc1
 .bss.hspi1     0x000000002000023c       0x58 CMakeFiles/blue_pill_car.elf.dir/Src/main.c.obj
                0x000000002000023c                hspi1
 .bss.htim1     0x0000000020000294       0x40 CMakeFiles/blue_pill_car.elf.dir/Src/main.c.obj
                0x0000000020000294                htim1
 .bss.huart1    0x00000000200002d4       0x40 CMakeFiles/blue_pill_car.elf.dir/Src/main.c.obj
                0x00000000200002d4                huart1
 .bss.huart2    0x0000000020000314       0x40 CMakeFiles/blue_pill_car.elf.dir/Src/main.c.obj
                0x0000000020000314                huart2
 .bss.huart3    0x0000000020000354       0x40 CMakeFiles/blue_pill_car.elf.dir/Src/main.c.obj
                0x0000000020000354                huart3
 .bss.brake_pressed_msg_len
                0x0000000020000394        0x4 CMakeFiles/blue_pill_car.elf.dir/Src/main.c.obj
                0x0000000020000394                brake_pressed_msg_len
 .bss.brake_released_msg_len
                0x0000000020000398        0x4 CMakeFiles/blue_pill_car.elf.dir/Src/main.c.obj
                0x0000000020000398                brake_released_msg_len
 .bss.full_throttle_msg_len
                0x000000002000039c        0x4 CMakeFiles/blue_pill_car.elf.dir/Src/main.c.obj
                0x000000002000039c                full_throttle_msg_len
 .bss.not_full_throttle_msg_len
                0x00000000200003a0        0x4 CMakeFiles/blue_pill_car.elf.dir/Src/main.c.obj
                0x00000000200003a0                not_full_throttle_msg_len
 .bss.last_brake_sw_trig
                0x00000000200003a4        0x4 CMakeFiles/blue_pill_car.elf.dir/Src/main.c.obj
                0x00000000200003a4                last_brake_sw_trig
 .bss.last_full_throttle_trig
                0x00000000200003a8        0x4 CMakeFiles/blue_pill_car.elf.dir/Src/main.c.obj
                0x00000000200003a8                last_full_throttle_trig
 .bss.heap_end.6018
                0x00000000200003ac        0x4 CMakeFiles/blue_pill_car.elf.dir/Src/syscalls.c.obj
 .bss.__malloc_free_list
                0x00000000200003b0        0x4 /usr/lib/gcc/arm-none-eabi/9.2.0/../../../../arm-none-eabi/lib/thumb/v7-m/nofp/libg_nano.a(lib_a-nano-mallocr.o)
                0x00000000200003b0                __malloc_free_list
 .bss.__malloc_sbrk_start
                0x00000000200003b4        0x4 /usr/lib/gcc/arm-none-eabi/9.2.0/../../../../arm-none-eabi/lib/thumb/v7-m/nofp/libg_nano.a(lib_a-nano-mallocr.o)
                0x00000000200003b4                __malloc_sbrk_start
 *(COMMON)
 COMMON         0x00000000200003b8        0x9 /usr/lib/gcc/arm-none-eabi/9.2.0/../../../../arm-none-eabi/lib/thumb/v7-m/nofp/libg_nano.a(lib_a-lock.o)
                0x00000000200003b8                __lock___atexit_recursive_mutex
                0x00000000200003b9                __lock___arc4random_mutex
                0x00000000200003ba                __lock___env_recursive_mutex
                0x00000000200003bb                __lock___sinit_recursive_mutex
                0x00000000200003bc                __lock___malloc_recursive_mutex
                0x00000000200003bd                __lock___at_quick_exit_mutex
                0x00000000200003be                __lock___dd_hash_mutex
                0x00000000200003bf                __lock___tz_mutex
                0x00000000200003c0                __lock___sfp_recursive_mutex
 *fill*         0x00000000200003c1        0x3 
 COMMON         0x00000000200003c4        0x4 /usr/lib/gcc/arm-none-eabi/9.2.0/../../../../arm-none-eabi/lib/thumb/v7-m/nofp/libg_nano.a(lib_a-reent.o)
                0x00000000200003c4                errno
                0x00000000200003c8                . = ALIGN (0x4)
                0x00000000200003c8                _ebss = .
                0x00000000200003c8                __bss_end__ = _ebss

._user_heap_stack
                0x00000000200003c8      0x600 load address 0x00000000080066bc
                0x00000000200003c8                . = ALIGN (0x8)
                0x00000000200003c8                PROVIDE (end = .)
                [!provide]                        PROVIDE (_end = .)
                0x00000000200005c8                . = (. + _Min_Heap_Size)
 *fill*         0x00000000200003c8      0x200 
                0x00000000200009c8                . = (. + _Min_Stack_Size)
 *fill*         0x00000000200005c8      0x400 
                0x00000000200009c8                . = ALIGN (0x8)

/DISCARD/
 libc.a(*)
 libm.a(*)
 libgcc.a(*)

.ARM.attributes
                0x0000000000000000       0x29
 *(.ARM.attributes)
 .ARM.attributes
                0x0000000000000000       0x1d /usr/lib/gcc/arm-none-eabi/9.2.0/thumb/v7-m/nofp/crti.o
 .ARM.attributes
                0x000000000000001d       0x2d /usr/lib/gcc/arm-none-eabi/9.2.0/thumb/v7-m/nofp/crtbegin.o
 .ARM.attributes
                0x000000000000004a       0x2d CMakeFiles/blue_pill_car.elf.dir/Drivers/STM32F1xx_HAL_Driver/Src/stm32f1xx_hal.c.obj
 .ARM.attributes
                0x0000000000000077       0x2d CMakeFiles/blue_pill_car.elf.dir/Drivers/STM32F1xx_HAL_Driver/Src/stm32f1xx_hal_adc.c.obj
 .ARM.attributes
                0x00000000000000a4       0x2d CMakeFiles/blue_pill_car.elf.dir/Drivers/STM32F1xx_HAL_Driver/Src/stm32f1xx_hal_cortex.c.obj
 .ARM.attributes
                0x00000000000000d1       0x2d CMakeFiles/blue_pill_car.elf.dir/Drivers/STM32F1xx_HAL_Driver/Src/stm32f1xx_hal_gpio.c.obj
 .ARM.attributes
                0x00000000000000fe       0x2d CMakeFiles/blue_pill_car.elf.dir/Drivers/STM32F1xx_HAL_Driver/Src/stm32f1xx_hal_rcc.c.obj
 .ARM.attributes
                0x000000000000012b       0x2d CMakeFiles/blue_pill_car.elf.dir/Drivers/STM32F1xx_HAL_Driver/Src/stm32f1xx_hal_rcc_ex.c.obj
 .ARM.attributes
                0x0000000000000158       0x2d CMakeFiles/blue_pill_car.elf.dir/Drivers/STM32F1xx_HAL_Driver/Src/stm32f1xx_hal_spi.c.obj
 .ARM.attributes
                0x0000000000000185       0x2d CMakeFiles/blue_pill_car.elf.dir/Drivers/STM32F1xx_HAL_Driver/Src/stm32f1xx_hal_tim.c.obj
 .ARM.attributes
                0x00000000000001b2       0x2d CMakeFiles/blue_pill_car.elf.dir/Drivers/STM32F1xx_HAL_Driver/Src/stm32f1xx_hal_tim_ex.c.obj
 .ARM.attributes
                0x00000000000001df       0x2d CMakeFiles/blue_pill_car.elf.dir/Drivers/STM32F1xx_HAL_Driver/Src/stm32f1xx_hal_uart.c.obj
 .ARM.attributes
                0x000000000000020c       0x2d CMakeFiles/blue_pill_car.elf.dir/Src/main.c.obj
 .ARM.attributes
                0x0000000000000239       0x2d CMakeFiles/blue_pill_car.elf.dir/Src/stm32f1xx_hal_msp.c.obj
 .ARM.attributes
                0x0000000000000266       0x2d CMakeFiles/blue_pill_car.elf.dir/Src/stm32f1xx_it.c.obj
 .ARM.attributes
                0x0000000000000293       0x2d CMakeFiles/blue_pill_car.elf.dir/Src/syscalls.c.obj
 .ARM.attributes
                0x00000000000002c0       0x2d CMakeFiles/blue_pill_car.elf.dir/Src/system_stm32f1xx.c.obj
 .ARM.attributes
                0x00000000000002ed       0x21 CMakeFiles/blue_pill_car.elf.dir/startup/startup_stm32f103xb.s.obj
 .ARM.attributes
                0x000000000000030e       0x2d /usr/lib/gcc/arm-none-eabi/9.2.0/../../../../arm-none-eabi/lib/thumb/v7-m/nofp/libg_nano.a(lib_a-errno.o)
 .ARM.attributes
                0x000000000000033b       0x2d /usr/lib/gcc/arm-none-eabi/9.2.0/../../../../arm-none-eabi/lib/thumb/v7-m/nofp/libg_nano.a(lib_a-impure.o)
 .ARM.attributes
                0x0000000000000368       0x2d /usr/lib/gcc/arm-none-eabi/9.2.0/../../../../arm-none-eabi/lib/thumb/v7-m/nofp/libg_nano.a(lib_a-init.o)
 .ARM.attributes
                0x0000000000000395       0x2d /usr/lib/gcc/arm-none-eabi/9.2.0/../../../../arm-none-eabi/lib/thumb/v7-m/nofp/libg_nano.a(lib_a-memcpy-stub.o)
 .ARM.attributes
                0x00000000000003c2       0x2d /usr/lib/gcc/arm-none-eabi/9.2.0/../../../../arm-none-eabi/lib/thumb/v7-m/nofp/libg_nano.a(lib_a-memset.o)
 .ARM.attributes
                0x00000000000003ef       0x2d /usr/lib/gcc/arm-none-eabi/9.2.0/../../../../arm-none-eabi/lib/thumb/v7-m/nofp/libg_nano.a(lib_a-nano-vfprintf_float.o)
 .ARM.attributes
                0x000000000000041c       0x2d /usr/lib/gcc/arm-none-eabi/9.2.0/../../../../arm-none-eabi/lib/thumb/v7-m/nofp/libg_nano.a(lib_a-nano-vfprintf_i.o)
 .ARM.attributes
                0x0000000000000449       0x2d /usr/lib/gcc/arm-none-eabi/9.2.0/../../../../arm-none-eabi/lib/thumb/v7-m/nofp/libg_nano.a(lib_a-snprintf.o)
 .ARM.attributes
                0x0000000000000476       0x17 /usr/lib/gcc/arm-none-eabi/9.2.0/../../../../arm-none-eabi/lib/thumb/v7-m/nofp/libg_nano.a(lib_a-strlen.o)
 .ARM.attributes
                0x000000000000048d       0x2d /usr/lib/gcc/arm-none-eabi/9.2.0/../../../../arm-none-eabi/lib/thumb/v7-m/nofp/libg_nano.a(lib_a-dtoa.o)
 .ARM.attributes
                0x00000000000004ba       0x2d /usr/lib/gcc/arm-none-eabi/9.2.0/../../../../arm-none-eabi/lib/thumb/v7-m/nofp/libg_nano.a(lib_a-localeconv.o)
 .ARM.attributes
                0x00000000000004e7       0x2d /usr/lib/gcc/arm-none-eabi/9.2.0/../../../../arm-none-eabi/lib/thumb/v7-m/nofp/libg_nano.a(lib_a-locale.o)
 .ARM.attributes
                0x0000000000000514       0x2d /usr/lib/gcc/arm-none-eabi/9.2.0/../../../../arm-none-eabi/lib/thumb/v7-m/nofp/libg_nano.a(lib_a-lock.o)
 .ARM.attributes
                0x0000000000000541       0x2d /usr/lib/gcc/arm-none-eabi/9.2.0/../../../../arm-none-eabi/lib/thumb/v7-m/nofp/libg_nano.a(lib_a-malloc.o)
 .ARM.attributes
                0x000000000000056e       0x2d /usr/lib/gcc/arm-none-eabi/9.2.0/../../../../arm-none-eabi/lib/thumb/v7-m/nofp/libg_nano.a(lib_a-mbtowc_r.o)
 .ARM.attributes
                0x000000000000059b       0x2d /usr/lib/gcc/arm-none-eabi/9.2.0/../../../../arm-none-eabi/lib/thumb/v7-m/nofp/libg_nano.a(lib_a-memchr-stub.o)
 .ARM.attributes
                0x00000000000005c8       0x2d /usr/lib/gcc/arm-none-eabi/9.2.0/../../../../arm-none-eabi/lib/thumb/v7-m/nofp/libg_nano.a(lib_a-mprec.o)
 .ARM.attributes
                0x00000000000005f5       0x2d /usr/lib/gcc/arm-none-eabi/9.2.0/../../../../arm-none-eabi/lib/thumb/v7-m/nofp/libg_nano.a(lib_a-nano-callocr.o)
 .ARM.attributes
                0x0000000000000622       0x2d /usr/lib/gcc/arm-none-eabi/9.2.0/../../../../arm-none-eabi/lib/thumb/v7-m/nofp/libg_nano.a(lib_a-nano-freer.o)
 .ARM.attributes
                0x000000000000064f       0x2d /usr/lib/gcc/arm-none-eabi/9.2.0/../../../../arm-none-eabi/lib/thumb/v7-m/nofp/libg_nano.a(lib_a-nano-mallocr.o)
 .ARM.attributes
                0x000000000000067c       0x2d /usr/lib/gcc/arm-none-eabi/9.2.0/../../../../arm-none-eabi/lib/thumb/v7-m/nofp/libg_nano.a(lib_a-nano-svfprintf.o)
 .ARM.attributes
                0x00000000000006a9       0x2d /usr/lib/gcc/arm-none-eabi/9.2.0/../../../../arm-none-eabi/lib/thumb/v7-m/nofp/libg_nano.a(lib_a-reent.o)
 .ARM.attributes
                0x00000000000006d6       0x2d /usr/lib/gcc/arm-none-eabi/9.2.0/../../../../arm-none-eabi/lib/thumb/v7-m/nofp/libg_nano.a(lib_a-sbrkr.o)
 .ARM.attributes
                0x0000000000000703       0x2d /usr/lib/gcc/arm-none-eabi/9.2.0/../../../../arm-none-eabi/lib/thumb/v7-m/nofp/libg_nano.a(lib_a-wctomb_r.o)
 .ARM.attributes
                0x0000000000000730       0x2d /usr/lib/gcc/arm-none-eabi/9.2.0/../../../../arm-none-eabi/lib/thumb/v7-m/nofp/libg_nano.a(lib_a-ctype_.o)
 .ARM.attributes
                0x000000000000075d       0x2d /usr/lib/gcc/arm-none-eabi/9.2.0/../../../../arm-none-eabi/lib/thumb/v7-m/nofp/libg_nano.a(lib_a-memmove.o)
 .ARM.attributes
                0x000000000000078a       0x2d /usr/lib/gcc/arm-none-eabi/9.2.0/../../../../arm-none-eabi/lib/thumb/v7-m/nofp/libg_nano.a(lib_a-mlock.o)
 .ARM.attributes
                0x00000000000007b7       0x2d /usr/lib/gcc/arm-none-eabi/9.2.0/../../../../arm-none-eabi/lib/thumb/v7-m/nofp/libg_nano.a(lib_a-nano-reallocr.o)
 .ARM.attributes
                0x00000000000007e4       0x2d /usr/lib/gcc/arm-none-eabi/9.2.0/../../../../arm-none-eabi/lib/thumb/v7-m/nofp/libg_nano.a(lib_a-nano-msizer.o)
 .ARM.attributes
                0x0000000000000811       0x1d /usr/lib/gcc/arm-none-eabi/9.2.0/thumb/v7-m/nofp/libgcc.a(_arm_addsubdf3.o)
 .ARM.attributes
                0x000000000000082e       0x1d /usr/lib/gcc/arm-none-eabi/9.2.0/thumb/v7-m/nofp/libgcc.a(_arm_muldivdf3.o)
 .ARM.attributes
                0x000000000000084b       0x1d /usr/lib/gcc/arm-none-eabi/9.2.0/thumb/v7-m/nofp/libgcc.a(_arm_cmpdf2.o)
 .ARM.attributes
                0x0000000000000868       0x1d /usr/lib/gcc/arm-none-eabi/9.2.0/thumb/v7-m/nofp/libgcc.a(_arm_unorddf2.o)
 .ARM.attributes
                0x0000000000000885       0x1d /usr/lib/gcc/arm-none-eabi/9.2.0/thumb/v7-m/nofp/libgcc.a(_arm_fixdfsi.o)
 .ARM.attributes
                0x00000000000008a2       0x1d /usr/lib/gcc/arm-none-eabi/9.2.0/thumb/v7-m/nofp/crtn.o
OUTPUT(blue_pill_car.elf elf32-littlearm)
LOAD linker stubs
LOAD /usr/lib/gcc/arm-none-eabi/9.2.0/../../../../arm-none-eabi/lib/thumb/v7-m/nofp/libc.a
LOAD /usr/lib/gcc/arm-none-eabi/9.2.0/../../../../arm-none-eabi/lib/thumb/v7-m/nofp/libm.a
LOAD /usr/lib/gcc/arm-none-eabi/9.2.0/thumb/v7-m/nofp/libgcc.a

.debug_info     0x0000000000000000     0xe509
 .debug_info    0x0000000000000000      0x747 CMakeFiles/blue_pill_car.elf.dir/Drivers/STM32F1xx_HAL_Driver/Src/stm32f1xx_hal.c.obj
 .debug_info    0x0000000000000747      0xd16 CMakeFiles/blue_pill_car.elf.dir/Drivers/STM32F1xx_HAL_Driver/Src/stm32f1xx_hal_adc.c.obj
 .debug_info    0x000000000000145d      0xbc5 CMakeFiles/blue_pill_car.elf.dir/Drivers/STM32F1xx_HAL_Driver/Src/stm32f1xx_hal_cortex.c.obj
 .debug_info    0x0000000000002022      0x6da CMakeFiles/blue_pill_car.elf.dir/Drivers/STM32F1xx_HAL_Driver/Src/stm32f1xx_hal_gpio.c.obj
 .debug_info    0x00000000000026fc      0x877 CMakeFiles/blue_pill_car.elf.dir/Drivers/STM32F1xx_HAL_Driver/Src/stm32f1xx_hal_rcc.c.obj
 .debug_info    0x0000000000002f73      0x469 CMakeFiles/blue_pill_car.elf.dir/Drivers/STM32F1xx_HAL_Driver/Src/stm32f1xx_hal_rcc_ex.c.obj
 .debug_info    0x00000000000033dc     0x1668 CMakeFiles/blue_pill_car.elf.dir/Drivers/STM32F1xx_HAL_Driver/Src/stm32f1xx_hal_spi.c.obj
 .debug_info    0x0000000000004a44     0x2669 CMakeFiles/blue_pill_car.elf.dir/Drivers/STM32F1xx_HAL_Driver/Src/stm32f1xx_hal_tim.c.obj
 .debug_info    0x00000000000070ad     0x11fb CMakeFiles/blue_pill_car.elf.dir/Drivers/STM32F1xx_HAL_Driver/Src/stm32f1xx_hal_tim_ex.c.obj
 .debug_info    0x00000000000082a8     0x12db CMakeFiles/blue_pill_car.elf.dir/Drivers/STM32F1xx_HAL_Driver/Src/stm32f1xx_hal_uart.c.obj
 .debug_info    0x0000000000009583     0x2071 CMakeFiles/blue_pill_car.elf.dir/Src/main.c.obj
 .debug_info    0x000000000000b5f4     0x1350 CMakeFiles/blue_pill_car.elf.dir/Src/stm32f1xx_hal_msp.c.obj
 .debug_info    0x000000000000c944      0x732 CMakeFiles/blue_pill_car.elf.dir/Src/stm32f1xx_it.c.obj
 .debug_info    0x000000000000d076     0x100f CMakeFiles/blue_pill_car.elf.dir/Src/syscalls.c.obj
 .debug_info    0x000000000000e085      0x462 CMakeFiles/blue_pill_car.elf.dir/Src/system_stm32f1xx.c.obj
 .debug_info    0x000000000000e4e7       0x22 CMakeFiles/blue_pill_car.elf.dir/startup/startup_stm32f103xb.s.obj

.debug_abbrev   0x0000000000000000     0x20d0
 .debug_abbrev  0x0000000000000000      0x1fd CMakeFiles/blue_pill_car.elf.dir/Drivers/STM32F1xx_HAL_Driver/Src/stm32f1xx_hal.c.obj
 .debug_abbrev  0x00000000000001fd      0x1f8 CMakeFiles/blue_pill_car.elf.dir/Drivers/STM32F1xx_HAL_Driver/Src/stm32f1xx_hal_adc.c.obj
 .debug_abbrev  0x00000000000003f5      0x310 CMakeFiles/blue_pill_car.elf.dir/Drivers/STM32F1xx_HAL_Driver/Src/stm32f1xx_hal_cortex.c.obj
 .debug_abbrev  0x0000000000000705      0x1e5 CMakeFiles/blue_pill_car.elf.dir/Drivers/STM32F1xx_HAL_Driver/Src/stm32f1xx_hal_gpio.c.obj
 .debug_abbrev  0x00000000000008ea      0x270 CMakeFiles/blue_pill_car.elf.dir/Drivers/STM32F1xx_HAL_Driver/Src/stm32f1xx_hal_rcc.c.obj
 .debug_abbrev  0x0000000000000b5a      0x190 CMakeFiles/blue_pill_car.elf.dir/Drivers/STM32F1xx_HAL_Driver/Src/stm32f1xx_hal_rcc_ex.c.obj
 .debug_abbrev  0x0000000000000cea      0x26b CMakeFiles/blue_pill_car.elf.dir/Drivers/STM32F1xx_HAL_Driver/Src/stm32f1xx_hal_spi.c.obj
 .debug_abbrev  0x0000000000000f55      0x25b CMakeFiles/blue_pill_car.elf.dir/Drivers/STM32F1xx_HAL_Driver/Src/stm32f1xx_hal_tim.c.obj
 .debug_abbrev  0x00000000000011b0      0x249 CMakeFiles/blue_pill_car.elf.dir/Drivers/STM32F1xx_HAL_Driver/Src/stm32f1xx_hal_tim_ex.c.obj
 .debug_abbrev  0x00000000000013f9      0x26d CMakeFiles/blue_pill_car.elf.dir/Drivers/STM32F1xx_HAL_Driver/Src/stm32f1xx_hal_uart.c.obj
 .debug_abbrev  0x0000000000001666      0x2ee CMakeFiles/blue_pill_car.elf.dir/Src/main.c.obj
 .debug_abbrev  0x0000000000001954      0x203 CMakeFiles/blue_pill_car.elf.dir/Src/stm32f1xx_hal_msp.c.obj
 .debug_abbrev  0x0000000000001b57      0x173 CMakeFiles/blue_pill_car.elf.dir/Src/stm32f1xx_it.c.obj
 .debug_abbrev  0x0000000000001cca      0x2a9 CMakeFiles/blue_pill_car.elf.dir/Src/syscalls.c.obj
 .debug_abbrev  0x0000000000001f73      0x14b CMakeFiles/blue_pill_car.elf.dir/Src/system_stm32f1xx.c.obj
 .debug_abbrev  0x00000000000020be       0x12 CMakeFiles/blue_pill_car.elf.dir/startup/startup_stm32f103xb.s.obj

.debug_aranges  0x0000000000000000      0xed8
 .debug_aranges
                0x0000000000000000       0xe0 CMakeFiles/blue_pill_car.elf.dir/Drivers/STM32F1xx_HAL_Driver/Src/stm32f1xx_hal.c.obj
 .debug_aranges
                0x00000000000000e0       0xf0 CMakeFiles/blue_pill_car.elf.dir/Drivers/STM32F1xx_HAL_Driver/Src/stm32f1xx_hal_adc.c.obj
 .debug_aranges
                0x00000000000001d0      0x100 CMakeFiles/blue_pill_car.elf.dir/Drivers/STM32F1xx_HAL_Driver/Src/stm32f1xx_hal_cortex.c.obj
 .debug_aranges
                0x00000000000002d0       0x58 CMakeFiles/blue_pill_car.elf.dir/Drivers/STM32F1xx_HAL_Driver/Src/stm32f1xx_hal_gpio.c.obj
 .debug_aranges
                0x0000000000000328       0x90 CMakeFiles/blue_pill_car.elf.dir/Drivers/STM32F1xx_HAL_Driver/Src/stm32f1xx_hal_rcc.c.obj
 .debug_aranges
                0x00000000000003b8       0x30 CMakeFiles/blue_pill_car.elf.dir/Drivers/STM32F1xx_HAL_Driver/Src/stm32f1xx_hal_rcc_ex.c.obj
 .debug_aranges
                0x00000000000003e8      0x1d0 CMakeFiles/blue_pill_car.elf.dir/Drivers/STM32F1xx_HAL_Driver/Src/stm32f1xx_hal_spi.c.obj
 .debug_aranges
                0x00000000000005b8      0x3a8 CMakeFiles/blue_pill_car.elf.dir/Drivers/STM32F1xx_HAL_Driver/Src/stm32f1xx_hal_tim.c.obj
 .debug_aranges
                0x0000000000000960      0x150 CMakeFiles/blue_pill_car.elf.dir/Drivers/STM32F1xx_HAL_Driver/Src/stm32f1xx_hal_tim_ex.c.obj
 .debug_aranges
                0x0000000000000ab0      0x1d0 CMakeFiles/blue_pill_car.elf.dir/Drivers/STM32F1xx_HAL_Driver/Src/stm32f1xx_hal_uart.c.obj
 .debug_aranges
                0x0000000000000c80       0x80 CMakeFiles/blue_pill_car.elf.dir/Src/main.c.obj
 .debug_aranges
                0x0000000000000d00       0x60 CMakeFiles/blue_pill_car.elf.dir/Src/stm32f1xx_hal_msp.c.obj
 .debug_aranges
                0x0000000000000d60       0x78 CMakeFiles/blue_pill_car.elf.dir/Src/stm32f1xx_it.c.obj
 .debug_aranges
                0x0000000000000dd8       0xb0 CMakeFiles/blue_pill_car.elf.dir/Src/syscalls.c.obj
 .debug_aranges
                0x0000000000000e88       0x28 CMakeFiles/blue_pill_car.elf.dir/Src/system_stm32f1xx.c.obj
 .debug_aranges
                0x0000000000000eb0       0x28 CMakeFiles/blue_pill_car.elf.dir/startup/startup_stm32f103xb.s.obj

.debug_ranges   0x0000000000000000      0xde0
 .debug_ranges  0x0000000000000000       0xd0 CMakeFiles/blue_pill_car.elf.dir/Drivers/STM32F1xx_HAL_Driver/Src/stm32f1xx_hal.c.obj
 .debug_ranges  0x00000000000000d0       0xe0 CMakeFiles/blue_pill_car.elf.dir/Drivers/STM32F1xx_HAL_Driver/Src/stm32f1xx_hal_adc.c.obj
 .debug_ranges  0x00000000000001b0       0xf0 CMakeFiles/blue_pill_car.elf.dir/Drivers/STM32F1xx_HAL_Driver/Src/stm32f1xx_hal_cortex.c.obj
 .debug_ranges  0x00000000000002a0       0x48 CMakeFiles/blue_pill_car.elf.dir/Drivers/STM32F1xx_HAL_Driver/Src/stm32f1xx_hal_gpio.c.obj
 .debug_ranges  0x00000000000002e8       0x80 CMakeFiles/blue_pill_car.elf.dir/Drivers/STM32F1xx_HAL_Driver/Src/stm32f1xx_hal_rcc.c.obj
 .debug_ranges  0x0000000000000368       0x20 CMakeFiles/blue_pill_car.elf.dir/Drivers/STM32F1xx_HAL_Driver/Src/stm32f1xx_hal_rcc_ex.c.obj
 .debug_ranges  0x0000000000000388      0x1c0 CMakeFiles/blue_pill_car.elf.dir/Drivers/STM32F1xx_HAL_Driver/Src/stm32f1xx_hal_spi.c.obj
 .debug_ranges  0x0000000000000548      0x398 CMakeFiles/blue_pill_car.elf.dir/Drivers/STM32F1xx_HAL_Driver/Src/stm32f1xx_hal_tim.c.obj
 .debug_ranges  0x00000000000008e0      0x140 CMakeFiles/blue_pill_car.elf.dir/Drivers/STM32F1xx_HAL_Driver/Src/stm32f1xx_hal_tim_ex.c.obj
 .debug_ranges  0x0000000000000a20      0x1c0 CMakeFiles/blue_pill_car.elf.dir/Drivers/STM32F1xx_HAL_Driver/Src/stm32f1xx_hal_uart.c.obj
 .debug_ranges  0x0000000000000be0       0x70 CMakeFiles/blue_pill_car.elf.dir/Src/main.c.obj
 .debug_ranges  0x0000000000000c50       0x50 CMakeFiles/blue_pill_car.elf.dir/Src/stm32f1xx_hal_msp.c.obj
 .debug_ranges  0x0000000000000ca0       0x68 CMakeFiles/blue_pill_car.elf.dir/Src/stm32f1xx_it.c.obj
 .debug_ranges  0x0000000000000d08       0xa0 CMakeFiles/blue_pill_car.elf.dir/Src/syscalls.c.obj
 .debug_ranges  0x0000000000000da8       0x18 CMakeFiles/blue_pill_car.elf.dir/Src/system_stm32f1xx.c.obj
 .debug_ranges  0x0000000000000dc0       0x20 CMakeFiles/blue_pill_car.elf.dir/startup/startup_stm32f103xb.s.obj

.debug_line     0x0000000000000000     0x99ca
 .debug_line    0x0000000000000000      0x4c4 CMakeFiles/blue_pill_car.elf.dir/Drivers/STM32F1xx_HAL_Driver/Src/stm32f1xx_hal.c.obj
 .debug_line    0x00000000000004c4      0xb5e CMakeFiles/blue_pill_car.elf.dir/Drivers/STM32F1xx_HAL_Driver/Src/stm32f1xx_hal_adc.c.obj
 .debug_line    0x0000000000001022      0x6aa CMakeFiles/blue_pill_car.elf.dir/Drivers/STM32F1xx_HAL_Driver/Src/stm32f1xx_hal_cortex.c.obj
 .debug_line    0x00000000000016cc      0x57c CMakeFiles/blue_pill_car.elf.dir/Drivers/STM32F1xx_HAL_Driver/Src/stm32f1xx_hal_gpio.c.obj
 .debug_line    0x0000000000001c48      0x930 CMakeFiles/blue_pill_car.elf.dir/Drivers/STM32F1xx_HAL_Driver/Src/stm32f1xx_hal_rcc.c.obj
 .debug_line    0x0000000000002578      0x43f CMakeFiles/blue_pill_car.elf.dir/Drivers/STM32F1xx_HAL_Driver/Src/stm32f1xx_hal_rcc_ex.c.obj
 .debug_line    0x00000000000029b7     0x172a CMakeFiles/blue_pill_car.elf.dir/Drivers/STM32F1xx_HAL_Driver/Src/stm32f1xx_hal_spi.c.obj
 .debug_line    0x00000000000040e1     0x2351 CMakeFiles/blue_pill_car.elf.dir/Drivers/STM32F1xx_HAL_Driver/Src/stm32f1xx_hal_tim.c.obj
 .debug_line    0x0000000000006432      0xd1a CMakeFiles/blue_pill_car.elf.dir/Drivers/STM32F1xx_HAL_Driver/Src/stm32f1xx_hal_tim_ex.c.obj
 .debug_line    0x000000000000714c     0x12ec CMakeFiles/blue_pill_car.elf.dir/Drivers/STM32F1xx_HAL_Driver/Src/stm32f1xx_hal_uart.c.obj
 .debug_line    0x0000000000008438      0x6ee CMakeFiles/blue_pill_car.elf.dir/Src/main.c.obj
 .debug_line    0x0000000000008b26      0x44f CMakeFiles/blue_pill_car.elf.dir/Src/stm32f1xx_hal_msp.c.obj
 .debug_line    0x0000000000008f75      0x337 CMakeFiles/blue_pill_car.elf.dir/Src/stm32f1xx_it.c.obj
 .debug_line    0x00000000000092ac      0x3d0 CMakeFiles/blue_pill_car.elf.dir/Src/syscalls.c.obj
 .debug_line    0x000000000000967c      0x2ad CMakeFiles/blue_pill_car.elf.dir/Src/system_stm32f1xx.c.obj
 .debug_line    0x0000000000009929       0xa1 CMakeFiles/blue_pill_car.elf.dir/startup/startup_stm32f103xb.s.obj

.debug_str      0x0000000000000000     0x4741
 .debug_str     0x0000000000000000      0x7d3 CMakeFiles/blue_pill_car.elf.dir/Drivers/STM32F1xx_HAL_Driver/Src/stm32f1xx_hal.c.obj
                                        0x841 (size before relaxing)
 .debug_str     0x00000000000007d3      0x641 CMakeFiles/blue_pill_car.elf.dir/Drivers/STM32F1xx_HAL_Driver/Src/stm32f1xx_hal_adc.c.obj
                                        0x941 (size before relaxing)
 .debug_str     0x0000000000000e14      0x42e CMakeFiles/blue_pill_car.elf.dir/Drivers/STM32F1xx_HAL_Driver/Src/stm32f1xx_hal_cortex.c.obj
                                        0x9a8 (size before relaxing)
 .debug_str     0x0000000000001242      0x1f3 CMakeFiles/blue_pill_car.elf.dir/Drivers/STM32F1xx_HAL_Driver/Src/stm32f1xx_hal_gpio.c.obj
                                        0x4f9 (size before relaxing)
 .debug_str     0x0000000000001435      0x33f CMakeFiles/blue_pill_car.elf.dir/Drivers/STM32F1xx_HAL_Driver/Src/stm32f1xx_hal_rcc.c.obj
                                        0x6b4 (size before relaxing)
 .debug_str     0x0000000000001774      0x14f CMakeFiles/blue_pill_car.elf.dir/Drivers/STM32F1xx_HAL_Driver/Src/stm32f1xx_hal_rcc_ex.c.obj
                                        0x499 (size before relaxing)
 .debug_str     0x00000000000018c3      0x713 CMakeFiles/blue_pill_car.elf.dir/Drivers/STM32F1xx_HAL_Driver/Src/stm32f1xx_hal_spi.c.obj
                                        0xbe1 (size before relaxing)
 .debug_str     0x0000000000001fd6      0xfdb CMakeFiles/blue_pill_car.elf.dir/Drivers/STM32F1xx_HAL_Driver/Src/stm32f1xx_hal_tim.c.obj
                                       0x14d7 (size before relaxing)
 .debug_str     0x0000000000002fb1      0x59d CMakeFiles/blue_pill_car.elf.dir/Drivers/STM32F1xx_HAL_Driver/Src/stm32f1xx_hal_tim_ex.c.obj
                                        0xcd7 (size before relaxing)
 .debug_str     0x000000000000354e      0x6a0 CMakeFiles/blue_pill_car.elf.dir/Drivers/STM32F1xx_HAL_Driver/Src/stm32f1xx_hal_uart.c.obj
                                        0xbfb (size before relaxing)
 .debug_str     0x0000000000003bee      0x6db CMakeFiles/blue_pill_car.elf.dir/Src/main.c.obj
                                       0x1817 (size before relaxing)
 .debug_str     0x00000000000042c9       0x49 CMakeFiles/blue_pill_car.elf.dir/Src/stm32f1xx_hal_msp.c.obj
                                        0xf00 (size before relaxing)
 .debug_str     0x0000000000004312      0x105 CMakeFiles/blue_pill_car.elf.dir/Src/stm32f1xx_it.c.obj
                                        0x725 (size before relaxing)
 .debug_str     0x0000000000004417      0x268 CMakeFiles/blue_pill_car.elf.dir/Src/syscalls.c.obj
                                        0x85f (size before relaxing)
 .debug_str     0x000000000000467f       0x71 CMakeFiles/blue_pill_car.elf.dir/Src/system_stm32f1xx.c.obj
                                        0x368 (size before relaxing)
 .debug_str     0x00000000000046f0       0x51 CMakeFiles/blue_pill_car.elf.dir/startup/startup_stm32f103xb.s.obj
                                         0x8a (size before relaxing)

.comment        0x0000000000000000       0x1d
 .comment       0x0000000000000000       0x1d CMakeFiles/blue_pill_car.elf.dir/Drivers/STM32F1xx_HAL_Driver/Src/stm32f1xx_hal.c.obj
                                         0x1e (size before relaxing)
 .comment       0x000000000000001d       0x1e CMakeFiles/blue_pill_car.elf.dir/Drivers/STM32F1xx_HAL_Driver/Src/stm32f1xx_hal_adc.c.obj
 .comment       0x000000000000001d       0x1e CMakeFiles/blue_pill_car.elf.dir/Drivers/STM32F1xx_HAL_Driver/Src/stm32f1xx_hal_cortex.c.obj
 .comment       0x000000000000001d       0x1e CMakeFiles/blue_pill_car.elf.dir/Drivers/STM32F1xx_HAL_Driver/Src/stm32f1xx_hal_gpio.c.obj
 .comment       0x000000000000001d       0x1e CMakeFiles/blue_pill_car.elf.dir/Drivers/STM32F1xx_HAL_Driver/Src/stm32f1xx_hal_rcc.c.obj
 .comment       0x000000000000001d       0x1e CMakeFiles/blue_pill_car.elf.dir/Drivers/STM32F1xx_HAL_Driver/Src/stm32f1xx_hal_rcc_ex.c.obj
 .comment       0x000000000000001d       0x1e CMakeFiles/blue_pill_car.elf.dir/Drivers/STM32F1xx_HAL_Driver/Src/stm32f1xx_hal_spi.c.obj
 .comment       0x000000000000001d       0x1e CMakeFiles/blue_pill_car.elf.dir/Drivers/STM32F1xx_HAL_Driver/Src/stm32f1xx_hal_tim.c.obj
 .comment       0x000000000000001d       0x1e CMakeFiles/blue_pill_car.elf.dir/Drivers/STM32F1xx_HAL_Driver/Src/stm32f1xx_hal_tim_ex.c.obj
 .comment       0x000000000000001d       0x1e CMakeFiles/blue_pill_car.elf.dir/Drivers/STM32F1xx_HAL_Driver/Src/stm32f1xx_hal_uart.c.obj
 .comment       0x000000000000001d       0x1e CMakeFiles/blue_pill_car.elf.dir/Src/main.c.obj
 .comment       0x000000000000001d       0x1e CMakeFiles/blue_pill_car.elf.dir/Src/stm32f1xx_hal_msp.c.obj
 .comment       0x000000000000001d       0x1e CMakeFiles/blue_pill_car.elf.dir/Src/stm32f1xx_it.c.obj
 .comment       0x000000000000001d       0x1e CMakeFiles/blue_pill_car.elf.dir/Src/syscalls.c.obj
 .comment       0x000000000000001d       0x1e CMakeFiles/blue_pill_car.elf.dir/Src/system_stm32f1xx.c.obj

.debug_frame    0x0000000000000000     0x492c
 .debug_frame   0x0000000000000000      0x334 CMakeFiles/blue_pill_car.elf.dir/Drivers/STM32F1xx_HAL_Driver/Src/stm32f1xx_hal.c.obj
 .debug_frame   0x0000000000000334      0x40c CMakeFiles/blue_pill_car.elf.dir/Drivers/STM32F1xx_HAL_Driver/Src/stm32f1xx_hal_adc.c.obj
 .debug_frame   0x0000000000000740      0x428 CMakeFiles/blue_pill_car.elf.dir/Drivers/STM32F1xx_HAL_Driver/Src/stm32f1xx_hal_cortex.c.obj
 .debug_frame   0x0000000000000b68      0x14c CMakeFiles/blue_pill_car.elf.dir/Drivers/STM32F1xx_HAL_Driver/Src/stm32f1xx_hal_gpio.c.obj
 .debug_frame   0x0000000000000cb4      0x21c CMakeFiles/blue_pill_car.elf.dir/Drivers/STM32F1xx_HAL_Driver/Src/stm32f1xx_hal_rcc.c.obj
 .debug_frame   0x0000000000000ed0       0x84 CMakeFiles/blue_pill_car.elf.dir/Drivers/STM32F1xx_HAL_Driver/Src/stm32f1xx_hal_rcc_ex.c.obj
 .debug_frame   0x0000000000000f54      0x824 CMakeFiles/blue_pill_car.elf.dir/Drivers/STM32F1xx_HAL_Driver/Src/stm32f1xx_hal_spi.c.obj
 .debug_frame   0x0000000000001778     0x10e8 CMakeFiles/blue_pill_car.elf.dir/Drivers/STM32F1xx_HAL_Driver/Src/stm32f1xx_hal_tim.c.obj
 .debug_frame   0x0000000000002860      0x5c0 CMakeFiles/blue_pill_car.elf.dir/Drivers/STM32F1xx_HAL_Driver/Src/stm32f1xx_hal_tim_ex.c.obj
 .debug_frame   0x0000000000002e20      0x834 CMakeFiles/blue_pill_car.elf.dir/Drivers/STM32F1xx_HAL_Driver/Src/stm32f1xx_hal_uart.c.obj
 .debug_frame   0x0000000000003654      0x1bc CMakeFiles/blue_pill_car.elf.dir/Src/main.c.obj
 .debug_frame   0x0000000000003810      0x158 CMakeFiles/blue_pill_car.elf.dir/Src/stm32f1xx_hal_msp.c.obj
 .debug_frame   0x0000000000003968      0x160 CMakeFiles/blue_pill_car.elf.dir/Src/stm32f1xx_it.c.obj
 .debug_frame   0x0000000000003ac8      0x2d0 CMakeFiles/blue_pill_car.elf.dir/Src/syscalls.c.obj
 .debug_frame   0x0000000000003d98       0x58 CMakeFiles/blue_pill_car.elf.dir/Src/system_stm32f1xx.c.obj
 .debug_frame   0x0000000000003df0       0x20 /usr/lib/gcc/arm-none-eabi/9.2.0/../../../../arm-none-eabi/lib/thumb/v7-m/nofp/libg_nano.a(lib_a-errno.o)
 .debug_frame   0x0000000000003e10       0x2c /usr/lib/gcc/arm-none-eabi/9.2.0/../../../../arm-none-eabi/lib/thumb/v7-m/nofp/libg_nano.a(lib_a-init.o)
 .debug_frame   0x0000000000003e3c       0x28 /usr/lib/gcc/arm-none-eabi/9.2.0/../../../../arm-none-eabi/lib/thumb/v7-m/nofp/libg_nano.a(lib_a-memcpy-stub.o)
 .debug_frame   0x0000000000003e64       0x20 /usr/lib/gcc/arm-none-eabi/9.2.0/../../../../arm-none-eabi/lib/thumb/v7-m/nofp/libg_nano.a(lib_a-memset.o)
 .debug_frame   0x0000000000003e84       0x94 /usr/lib/gcc/arm-none-eabi/9.2.0/../../../../arm-none-eabi/lib/thumb/v7-m/nofp/libg_nano.a(lib_a-nano-vfprintf_float.o)
 .debug_frame   0x0000000000003f18       0x60 /usr/lib/gcc/arm-none-eabi/9.2.0/../../../../arm-none-eabi/lib/thumb/v7-m/nofp/libg_nano.a(lib_a-nano-vfprintf_i.o)
 .debug_frame   0x0000000000003f78       0x7c /usr/lib/gcc/arm-none-eabi/9.2.0/../../../../arm-none-eabi/lib/thumb/v7-m/nofp/libg_nano.a(lib_a-snprintf.o)
 .debug_frame   0x0000000000003ff4       0x6c /usr/lib/gcc/arm-none-eabi/9.2.0/../../../../arm-none-eabi/lib/thumb/v7-m/nofp/libg_nano.a(lib_a-dtoa.o)
 .debug_frame   0x0000000000004060       0x40 /usr/lib/gcc/arm-none-eabi/9.2.0/../../../../arm-none-eabi/lib/thumb/v7-m/nofp/libg_nano.a(lib_a-localeconv.o)
 .debug_frame   0x00000000000040a0       0x48 /usr/lib/gcc/arm-none-eabi/9.2.0/../../../../arm-none-eabi/lib/thumb/v7-m/nofp/libg_nano.a(lib_a-locale.o)
 .debug_frame   0x00000000000040e8       0xb0 /usr/lib/gcc/arm-none-eabi/9.2.0/../../../../arm-none-eabi/lib/thumb/v7-m/nofp/libg_nano.a(lib_a-lock.o)
 .debug_frame   0x0000000000004198       0x30 /usr/lib/gcc/arm-none-eabi/9.2.0/../../../../arm-none-eabi/lib/thumb/v7-m/nofp/libg_nano.a(lib_a-malloc.o)
 .debug_frame   0x00000000000041c8       0x48 /usr/lib/gcc/arm-none-eabi/9.2.0/../../../../arm-none-eabi/lib/thumb/v7-m/nofp/libg_nano.a(lib_a-mbtowc_r.o)
 .debug_frame   0x0000000000004210       0x28 /usr/lib/gcc/arm-none-eabi/9.2.0/../../../../arm-none-eabi/lib/thumb/v7-m/nofp/libg_nano.a(lib_a-memchr-stub.o)
 .debug_frame   0x0000000000004238      0x254 /usr/lib/gcc/arm-none-eabi/9.2.0/../../../../arm-none-eabi/lib/thumb/v7-m/nofp/libg_nano.a(lib_a-mprec.o)
 .debug_frame   0x000000000000448c       0x2c /usr/lib/gcc/arm-none-eabi/9.2.0/../../../../arm-none-eabi/lib/thumb/v7-m/nofp/libg_nano.a(lib_a-nano-callocr.o)
 .debug_frame   0x00000000000044b8       0x38 /usr/lib/gcc/arm-none-eabi/9.2.0/../../../../arm-none-eabi/lib/thumb/v7-m/nofp/libg_nano.a(lib_a-nano-freer.o)
 .debug_frame   0x00000000000044f0       0x30 /usr/lib/gcc/arm-none-eabi/9.2.0/../../../../arm-none-eabi/lib/thumb/v7-m/nofp/libg_nano.a(lib_a-nano-mallocr.o)
 .debug_frame   0x0000000000004520       0x90 /usr/lib/gcc/arm-none-eabi/9.2.0/../../../../arm-none-eabi/lib/thumb/v7-m/nofp/libg_nano.a(lib_a-nano-svfprintf.o)
 .debug_frame   0x00000000000045b0       0x5c /usr/lib/gcc/arm-none-eabi/9.2.0/../../../../arm-none-eabi/lib/thumb/v7-m/nofp/libg_nano.a(lib_a-reent.o)
 .debug_frame   0x000000000000460c       0x2c /usr/lib/gcc/arm-none-eabi/9.2.0/../../../../arm-none-eabi/lib/thumb/v7-m/nofp/libg_nano.a(lib_a-sbrkr.o)
 .debug_frame   0x0000000000004638       0x3c /usr/lib/gcc/arm-none-eabi/9.2.0/../../../../arm-none-eabi/lib/thumb/v7-m/nofp/libg_nano.a(lib_a-wctomb_r.o)
 .debug_frame   0x0000000000004674       0x28 /usr/lib/gcc/arm-none-eabi/9.2.0/../../../../arm-none-eabi/lib/thumb/v7-m/nofp/libg_nano.a(lib_a-memmove.o)
 .debug_frame   0x000000000000469c       0x30 /usr/lib/gcc/arm-none-eabi/9.2.0/../../../../arm-none-eabi/lib/thumb/v7-m/nofp/libg_nano.a(lib_a-mlock.o)
 .debug_frame   0x00000000000046cc       0x3c /usr/lib/gcc/arm-none-eabi/9.2.0/../../../../arm-none-eabi/lib/thumb/v7-m/nofp/libg_nano.a(lib_a-nano-reallocr.o)
 .debug_frame   0x0000000000004708       0x20 /usr/lib/gcc/arm-none-eabi/9.2.0/../../../../arm-none-eabi/lib/thumb/v7-m/nofp/libg_nano.a(lib_a-nano-msizer.o)
 .debug_frame   0x0000000000004728       0xac /usr/lib/gcc/arm-none-eabi/9.2.0/thumb/v7-m/nofp/libgcc.a(_arm_addsubdf3.o)
 .debug_frame   0x00000000000047d4       0x50 /usr/lib/gcc/arm-none-eabi/9.2.0/thumb/v7-m/nofp/libgcc.a(_arm_muldivdf3.o)
 .debug_frame   0x0000000000004824       0xc4 /usr/lib/gcc/arm-none-eabi/9.2.0/thumb/v7-m/nofp/libgcc.a(_arm_cmpdf2.o)
 .debug_frame   0x00000000000048e8       0x20 /usr/lib/gcc/arm-none-eabi/9.2.0/thumb/v7-m/nofp/libgcc.a(_arm_unorddf2.o)
 .debug_frame   0x0000000000004908       0x24 /usr/lib/gcc/arm-none-eabi/9.2.0/thumb/v7-m/nofp/libgcc.a(_arm_fixdfsi.o)
